[ans-fig] groups=180 unmapped=0
  Mathematics_paper_1__TZ1_HL_markscheme.pdf: linked=24
  Mathematics_paper_2__TZ1_HL_markscheme.pdf: linked=27
  Mathematics_paper_1__TZ2_HL_markscheme.pdf: linked=21
  Mathematics_paper_2__TZ2_HL_markscheme.pdf: linked=26
  Physics_paper_1__HL_markscheme.pdf: linked=0
  Physics_paper_2__HL_markscheme.pdf: linked=32
  Physics_paper_3__HL_markscheme.pdf: linked=52
  Mathematics_paper_3_Calculus__HL_markscheme.pdf: linked=13
  Mathematics_paper_3_Discrete_mathematics__HL_markscheme.pdf: linked=13
  Mathematics_paper_3_Sets_relations_and_groups__HL_markscheme.pdf: linked=9
  Mathematics_paper_3_Statistics_and_probability__HL_markscheme.pdf: linked=14
  Mathematics_paper_1__HL_markscheme.pdf: linked=27
  Mathematics_paper_2__HL_markscheme.pdf: linked=30
  Physics_paper_3__HL_markscheme.pdf: linked=64
  Mathematics_paper_3_Calculus__HL_markscheme.pdf: linked=11
  Mathematics_paper_3_Discrete_mathematics__HL_markscheme.pdf: linked=16
  Mathematics_paper_3_Sets_relations_and_groups__HL_markscheme.pdf: linked=13
  Mathematics_paper_3_Statistics_and_probability__HL_markscheme.pdf: linked=12
  Mathematics_paper_1__TZ1_HL_markscheme.pdf: linked=23
  Mathematics_paper_2__TZ1_HL_markscheme.pdf: linked=28
  Physics_paper_3__TZ1_HL_markscheme.pdf: linked=51
  Mathematics_paper_1__TZ2_HL_markscheme.pdf: linked=19
  Mathematics_paper_2__TZ2_HL_markscheme.pdf: linked=28
  Physics_paper_3__TZ2_HL_markscheme.pdf: linked=45
  Mathematics_paper_3_Calculus__HL_markscheme.pdf: linked=8
  Mathematics_paper_3_Discrete_mathematics__HL_markscheme.pdf: linked=10
  Mathematics_paper_3_Sets_relations_and_groups__HL_markscheme.pdf: linked=10
  Mathematics_paper_3_Statistics_and_probability__HL_markscheme.pdf: linked=15
  Mathematics_paper_1__HL_markscheme.pdf: linked=17
  Mathematics_paper_2__HL_markscheme.pdf: linked=19
  Physics_paper_3__HL_markscheme.pdf: linked=50
  Mathematics_paper_3_Calculus__HL_markscheme.pdf: linked=11
  Mathematics_paper_3_Discrete_mathematics__HL_markscheme.pdf: linked=13
  Mathematics_paper_3_Sets_relations_and_groups__HL_markscheme.pdf: linked=13
  Mathematics_paper_3_Statistics_and_probability__HL_markscheme.pdf: linked=11
  Mathematics_paper_1__TZ1_HL_markscheme.pdf: linked=19
  Mathematics_paper_2__TZ1_HL_markscheme.pdf: linked=18
  Physics_paper_3__TZ1_HL_markscheme.pdf: linked=50
  Mathematics_paper_1__TZ2_HL_markscheme.pdf: linked=24
  Mathematics_paper_2__TZ2_HL_markscheme.pdf: linked=23
  Physics_paper_3__TZ2_HL_markscheme.pdf: linked=49
  Mathematics_paper_3_Discrete_mathematics__HL_markscheme.pdf: linked=12
  Mathematics_paper_3_Sets_relations_and_groups__HL_markscheme.pdf: linked=13
  Mathematics_paper_3_Statistics_and_probability__HL_markscheme.pdf: linked=16
  Mathematics_paper_1__HL_markscheme.pdf: linked=22
  Mathematics_paper_2__HL_markscheme.pdf: linked=22
  Physics_paper_3__HL_markscheme.pdf: linked=50
  Mathematics_paper_1__TZ1_HL_markscheme.pdf: linked=20
  Mathematics_paper_2__TZ1_HL_markscheme.pdf: linked=24
  Physics_paper_3__TZ1_HL_markscheme.pdf: linked=44
  Mathematics_paper_1__TZ2_HL_markscheme.pdf: linked=19
  Mathematics_paper_2__TZ2_HL_markscheme.pdf: linked=23
  Physics_paper_3__TZ2_HL_markscheme.pdf: linked=57
  Mathematics_paper_3_Calculus__HL_markscheme.pdf: linked=9
  Mathematics_paper_3_Discrete_mathematics__HL_markscheme.pdf: linked=13
  Mathematics_paper_3_Sets_relations_and_groups__HL_markscheme.pdf: linked=11
  Mathematics_paper_3_Statistics_and_probability__HL_markscheme.pdf: linked=15
  Mathematics_paper_1__HL_markscheme.pdf: linked=17
  Mathematics_paper_2__HL_markscheme.pdf: linked=16
  Physics_paper_3__HL_markscheme.pdf: linked=40
  Mathematics_paper_3_Calculus__HL_markscheme.pdf: linked=9
  Mathematics_paper_3_Discrete_mathematics__HL_markscheme.pdf: linked=7
  Mathematics_paper_3_Sets_relations_and_groups__HL_markscheme.pdf: linked=14
  Mathematics_paper_3_Statistics_and_probability__HL_markscheme.pdf: linked=10
  Mathematics_paper_1__HL_markscheme.pdf: linked=20
  Mathematics_paper_2__HL_markscheme.pdf: linked=23
  Physics_paper_3__HL_markscheme.pdf: linked=51
  Mathematics_paper_3_Calculus__HL_markscheme.pdf: linked=9
  Mathematics_paper_3_Discrete_mathematics__HL_markscheme.pdf: linked=9
  Mathematics_paper_3_Sets_relations_and_groups__HL_markscheme.pdf: linked=17
  Mathematics_paper_3_Statistics_and_probability__HL_markscheme.pdf: linked=15
  Mathematics_analysis_and_approaches_paper_1__TZ1_HL_markscheme.pdf: linked=22
  Mathematics_analysis_and_approaches_paper_2__TZ1_HL_markscheme.pdf: linked=33
  Mathematics_analysis_and_approaches_paper_3__TZ1_HL_markscheme.pdf: linked=12
  Mathematics_analysis_and_approaches_paper_1__TZ2_HL_markscheme.pdf: linked=18
  Mathematics_analysis_and_approaches_paper_2__TZ2_HL_markscheme.pdf: linked=37
  Mathematics_analysis_and_approaches_paper_3__TZ2_HL_markscheme.pdf: linked=12
  Mathematics_analysis_and_approaches_paper_1__HL_markscheme.pdf: linked=29
  Mathematics_analysis_and_approaches_paper_2__HL_markscheme.pdf: linked=34
  Mathematics_analysis_and_approaches_paper_3__HL_markscheme.pdf: linked=9
  Mathematics_analysis_and_approaches_paper_1__TZ1_HL_markscheme.pdf: linked=21
  Mathematics_analysis_and_approaches_paper_2__TZ1_HL_markscheme.pdf: linked=33
  Mathematics_analysis_and_approaches_paper_3__TZ1_HL_markscheme.pdf: linked=12
  Mathematics_analysis_and_approaches_paper_1__TZ2_HL_markscheme.pdf: linked=26
  Mathematics_analysis_and_approaches_paper_2__TZ2_HL_markscheme.pdf: linked=29
  Mathematics_analysis_and_approaches_paper_3__TZ2_HL_markscheme.pdf: linked=12
  Mathematics_analysis_and_approaches_paper_1__HL_markscheme.pdf: linked=24
  Mathematics_analysis_and_approaches_paper_2__HL_markscheme.pdf: linked=26
  Mathematics_analysis_and_approaches_paper_3__HL_markscheme.pdf: linked=11
  Mathematics_analysis_and_approaches_paper_1__TZ1_HL_markscheme.pdf: linked=24
  Mathematics_analysis_and_approaches_paper_2__TZ1_HL_markscheme.pdf: linked=25
  Mathematics_analysis_and_approaches_paper_3__TZ1_HL_markscheme.pdf: linked=12
  Mathematics_analysis_and_approaches_paper_1__TZ2_HL_markscheme.pdf: linked=26
  Mathematics_analysis_and_approaches_paper_2__TZ2_HL_markscheme.pdf: linked=29
  Mathematics_analysis_and_approaches_paper_3__TZ2_HL_markscheme.pdf: linked=12
  Mathematics_analysis_and_approaches_paper_1__TZ1_HL_markscheme.pdf: linked=21
  Mathematics_analysis_and_approaches_paper_2__TZ1_HL_markscheme.pdf: linked=33
  Physics_paper_3__TZ1_HL_markscheme.pdf: linked=47
  Mathematics_analysis_and_approaches_paper_1__TZ2_HL_markscheme.pdf: linked=21
  Mathematics_analysis_and_approaches_paper_2__TZ2_HL_markscheme.pdf: linked=33
  Physics_paper_3__TZ2_HL_markscheme.pdf: linked=47
  Mathematics_analysis_and_approaches_paper_3__HL_markscheme.pdf: linked=12
  Mathematics_analysis_and_approaches_paper_1__TZ1_HL_markscheme.pdf: linked=33
  Mathematics_analysis_and_approaches_paper_2__TZ1_HL_markscheme.pdf: linked=29
  Mathematics_analysis_and_approaches_paper_3__TZ1_HL_markscheme.pdf: linked=12
  Mathematics_analysis_and_approaches_paper_1__TZ2_HL_markscheme.pdf: linked=29
  Mathematics_analysis_and_approaches_paper_2__TZ2_HL_markscheme.pdf: linked=30
  Mathematics_analysis_and_approaches_paper_3__TZ2_HL_markscheme.pdf: linked=11
  Mathematics_analysis_and_approaches_paper_1__HL_markscheme.pdf: linked=26
  Mathematics_analysis_and_approaches_paper_2__HL_markscheme.pdf: linked=32
  Mathematics_analysis_and_approaches_paper_3__HL_markscheme.pdf: linked=12
  Physics_paper_1A_TZ1_HL_markscheme.pdf: linked=0
  Physics_paper_1B_TZ1_HL_markscheme.pdf: linked=9
  Physics_paper_2_TZ1_HL_markscheme.pdf: linked=28
  Physics_paper_1A_TZ2_HL_markscheme.pdf: linked=0
  Physics_paper_1B_TZ2_HL_markscheme.pdf: linked=7
  Physics_paper_2_TZ2_HL_markscheme.pdf: linked=28
  Physics_paper_1A_TZ3_HL_markscheme.pdf: linked=0
  Physics_paper_1B_TZ3_HL_markscheme.pdf: linked=7
  Physics_paper_2_TZ3_HL_markscheme.pdf: linked=28
  Physics_paper_1A_TZ1_HL_markscheme.pdf: linked=0
  Physics_paper_1B_TZ1_HL_markscheme.pdf: linked=9
  Physics_paper_2_TZ1_HL_markscheme.pdf: linked=24
  Physics_paper_1A_TZ3_HL_markscheme.pdf: linked=0
  Physics_paper_1B_TZ3_HL_markscheme.pdf: linked=11
  Physics_paper_2_TZ3_HL_markscheme.pdf: linked=26
  markscheme-HL-paper3.pdf: linked=103
  markscheme-HL-paper1.pdf: linked=91
  markscheme-HL-paper2.pdf: linked=70
  markscheme-HL-paper3.pdf: linked=4
  markscheme-HL-paper1.pdf: linked=82
  markscheme-HL-paper2.pdf: linked=67
  markscheme-HL-paper3.pdf: linked=2
  markscheme-HL-paper1.pdf: linked=48
  markscheme-HL-paper2.pdf: linked=47
  markscheme-HL-paper1.pdf: linked=33
  markscheme-HL-paper2.pdf: linked=33
  markscheme-HL-paper1.pdf: linked=37
  markscheme-HL-paper2.pdf: linked=84
  markscheme-HL-paper3.pdf: linked=15
  markscheme-HL-paper1.pdf: linked=107
  markscheme-HL-paper2.pdf: linked=95
  markscheme-HL-paper3.pdf: linked=6
  markscheme-HL-paper2.pdf: linked=3
  markscheme-HL-paper3.pdf: linked=85
  markscheme-HL-paper3.pdf: linked=103
  markscheme-HL-paper1.pdf: linked=4
  markscheme-HL-paper2.pdf: linked=8
  markscheme-HL-paper3.pdf: linked=89
  markscheme-HL-paper3.pdf: linked=59
  markscheme-HL-paper3.pdf: linked=31
  markscheme-HL-paper3.pdf: linked=44
  markscheme-HL-paper1.pdf: linked=0
  markscheme-HL-paper2.pdf: linked=20
  markscheme-HL-paper1.pdf: linked=0
  markscheme-HL-paper2.pdf: linked=23
  markscheme-HL-paper1.pdf: linked=0
  markscheme-HL-paper2.pdf: linked=27
  markscheme-HL-paper3.pdf: linked=2
  markscheme-HL-paper1.pdf: linked=0
  markscheme-HL-paper2.pdf: linked=4
  markscheme-HL-paper1.pdf: linked=0
  markscheme-HL-paper2.pdf: linked=12
  markscheme-HL-paper1.pdf: linked=0
  markscheme-HL-paper2.pdf: linked=7
  markscheme-HL-paper1.pdf: linked=0
  markscheme-HL-paper2.pdf: linked=16
  markscheme-HL-paper3.pdf: linked=1
  markscheme-HL-paper1.pdf: linked=0
  markscheme-HL-paper2.pdf: linked=19
  markscheme-HL-paper1.pdf: linked=0
  markscheme-HL-paper2.pdf: linked=10
  markscheme-HL-paper1.pdf: linked=0
  markscheme-HL-paper2.pdf: linked=15
  markscheme-HL-paper3.pdf: linked=17
  markscheme-HL-paper1.pdf: linked=0
  markscheme-HL-paper2.pdf: linked=8
  markscheme-HL-paper1.pdf: linked=0
  markscheme-HL-paper2.pdf: linked=22
  markscheme-HL-paper3.pdf: linked=13
[ans-fig] done: {'files': 180, 'pages_rendered': 2089, 'answers_linked': 3749, 'no_figure': 535, 'not_found': 2854}
