[run] CS-2023.5-P1-TZ2  <- Computer_science_paper_1__TZ2_HL.pdf  +ms
[run] CS-2023.5-P2  <- Computer_science_paper_2__HL.pdf  +ms
[run] CS-2023.5-P3-TZ1  <- Computer_science_paper_3__TZ1_HL.pdf  +ms
[run] CS-2023.5-P3  <- Computer_science_paper_3__case_study_HL.pdf
[run] CS-2023.5-P1-TZ1  <- Computer_science_paper_1__TZ1_HL.pdf  +ms
[run] CS-2023.5-P3-TZ2  <- Computer_science_paper_3__TZ2_HL.pdf  +ms
[run] CS-2015.11-P2  <- Computer_science_paper_2_HL.pdf  +ms
[run] CS-2015.11-P3  <- Computer_science_paper_3_HL.pdf  +ms
[run] CS-2015.11-P1  <- Computer_science_paper_1_HL.pdf  +ms
[run] CS-2018.5-P1  <- Computer_science_paper_1__HL.pdf  +ms
[run] CS-2018.5-P2  <- Computer_science_paper_2__HL.pdf  +ms
[run] CS-2023.11-P1  <- Computer_science_paper_1__HL.pdf  +ms
[run] CS-2023.11-P2  <- Computer_science_paper_2__HL.pdf  +ms
[run] CS-2023.11-P3  <- Computer_science_paper_3__HL.pdf  +ms
[run] CS-2017.5-P1  <- Computer_science_paper_1__HL.pdf  +ms
[run] CS-2017.5-P2  <- Computer_science_paper_2__HL.pdf  +ms
[run] CS-2017.5-P3  <- Computer_science_paper_3__HL.pdf  +ms
[run] CS-2022.11-P1  <- Computer_science_paper_1__HL.pdf  +ms
[run] CS-2022.11-P3  <- Computer_science_paper_3__HL.pdf  +ms
[run] CS-2016.11-P1  <- Computer_science_paper_1__HL.pdf  +ms
[run] CS-2016.11-P2  <- Computer_science_paper_2__HL.pdf  +ms
[run] CS-2016.11-P3  <- Computer_science_paper_3__HL.pdf  +ms
[run] CS-2018.11-P1  <- Computer_science_paper_1__HL.pdf  +ms
[run] CS-2018.11-P2  <- Computer_science_paper_2__HL.pdf  +ms
[run] CS-2018.11-P3  <- Computer_science_paper_3__HL.pdf  +ms
[run] CS-2015.5-P2  <- Computer_science_paper_2_HL.pdf  +ms
[run] CS-2015.5-P3  <- Computer_science_paper_3_HL.pdf  +ms
[run] CS-2015.5-P1  <- Computer_science_paper_1_HL.pdf  +ms
[run] CS-2019.11-P1  <- Computer_science_paper_1__HL.pdf  +ms
[run] CS-2019.11-P2  <- Computer_science_paper_2__HL.pdf  +ms
[run] CS-2019.11-P3  <- Computer_science_paper_3__HL.pdf  +ms
[run] CS-2017.11-P1  <- Computer_science_paper_1__HL.pdf  +ms
[run] CS-2017.11-P2  <- Computer_science_paper_2__HL.pdf  +ms
[run] CS-2017.11-P3  <- Computer_science_paper_3__HL.pdf  +ms
[run] CS-2024.11-P1  <- Computer_science_paper_1__HL.pdf  +ms
[run] CS-2024.11-P2  <- Computer_science_paper_2__HL.pdf  +ms
[run] CS-2024.11-P3  <- Computer_science_paper_3__HL.pdf  +ms
[run] CS-2024.5-P1-TZ2  <- Computer_science_paper_1__TZ2_HL.pdf  +ms
[run] CS-2024.5-P2  <- Computer_science_paper_2__HL.pdf  +ms
[run] CS-2024.5-P3-TZ1  <- Computer_science_paper_3__TZ1_HL.pdf  +ms
[run] CS-2024.5-P3  <- Computer_science_paper_3__case_study_HL.pdf
[run] CS-2024.5-P1-TZ1  <- Computer_science_paper_1__TZ1_HL.pdf  +ms
[run] CS-2024.5-P3-TZ2  <- Computer_science_paper_3__TZ2_HL.pdf  +ms
[run] CS-2016.5-P1  <- Computer_science_paper_1__HL.pdf  +ms
[run] CS-2016.5-P2  <- Computer_science_paper_2__HL.pdf  +ms
[run] CS-2016.5-P3  <- Computer_science_paper_3__HL.pdf  +ms
[run] CS-2025.5-P2  <- Computer_science_paper_2_TZ3_HL.pdf  +ms
[run] CS-2025.5-P3-TZ2  <- Computer_science_paper_3_TZ2_HL.pdf  +ms
[run] CS-2025.5-P1-TZ2  <- Computer_science_paper_1_TZ2_HL.pdf  +ms
[run] CS-2025.5-P2-TZ2  <- Computer_science_paper_2_TZ2_HL.pdf  +ms
[run] CS-2025.5-P3  <- Computer_science_paper_3_TZ3_HL.pdf  +ms
[run] CS-2025.5-P1  <- Computer_science_paper_1_TZ3_HL.pdf  +ms
[run] CS-2019.5-P1  <- Computer_science_paper_1__HL.pdf  +ms
[run] CS-2019.5-P2  <- Computer_science_paper_2__HL.pdf  +ms
[run] CS-2019.5-P3  <- Computer_science_paper_3__HL.pdf  +ms
[run] CS-2020.11-P1  <- Computer_science_paper_1__HL.pdf  +ms
[run] CS-2020.11-P2  <- Computer_science_paper_2__HL.pdf  +ms
[run] CS-2020.11-P3  <- Computer_science_paper_3__HL.pdf  +ms
[run] MATH-2024.11-P1  <- Mathematics_analysis_and_approaches_paper_1__HL.pdf  +ms
[run] MATH-2024.11-P3  <- Mathematics_analysis_and_approaches_paper_3__HL.pdf  +ms
[run] MATH-2024.11-P2  <- Mathematics_analysis_and_approaches_paper_2__HL.pdf  +ms
[run] MATH-2024.5-P3-TZ2  <- Mathematics_analysis_and_approaches_paper_3__TZ2_HL.pdf  +ms
[run] MATH-2024.5-P1-TZ1  <- Mathematics_analysis_and_approaches_paper_1__TZ1_HL.pdf  +ms
[run] MATH-2024.5-P3-TZ1  <- Mathematics_analysis_and_approaches_paper_3__TZ1_HL.pdf  +ms
[run] MATH-2024.5-P2-TZ2  <- Mathematics_analysis_and_approaches_paper_2__TZ2_HL.pdf  +ms
[run] MATH-2024.5-P1-TZ2  <- Mathematics_analysis_and_approaches_paper_1__TZ2_HL.pdf  +ms
[run] PHY-2023.5-P1-TZ1  <- Physics_paper_1__TZ1_HL.pdf  +ms
[run] PHY-2023.5-P2-TZ1  <- Physics_paper_2__TZ1_HL.pdf  +ms
[run] PHY-2023.5-P3-TZ2  <- Physics_paper_3__TZ2_HL.pdf  +ms
[run] PHY-2023.5-P1-TZ2  <- Physics_paper_1__TZ2_HL.pdf  +ms
[run] PHY-2023.5-P2-TZ2  <- Physics_paper_2__TZ2_HL.pdf  +ms
[run] PHY-2023.5-P3-TZ1  <- Physics_paper_3__TZ1_HL.pdf  +ms
[run] PHY-2022.11-P2  <- Physics_paper_2__HL.pdf  +ms
[run] PHY-2022.11-P1  <- Physics_paper_1__HL.pdf  +ms
[run] PHY-2021.5-P1-TZ1  <- Physics_paper_1__TZ1_HL.pdf  +ms
[run] PHY-2021.5-P2-TZ1  <- Physics_paper_2__TZ1_HL.pdf  +ms
[run] PHY-2021.5-P1-TZ2  <- Physics_paper_1__TZ2_HL.pdf  +ms
[run] PHY-2021.5-P2-TZ2  <- Physics_paper_2__TZ2_HL.pdf  +ms
[run] PHY-2015.11-P2  <- Physics_paper_2_HL.pdf  +ms
[run] PHY-2015.11-P1  <- Physics_paper_1_HL_Spanish.pdf  +ms
[run] PHY-2015.11-P3  <- Physics_paper_3_HL.pdf  +ms
[run] PHY-2018.5-P1  <- Physics_paper_1__HL_Spanish.pdf
[run] PHY-2018.5-P1-TZ1  <- Physics_paper_1__TZ1_HL.pdf  +ms
[run] PHY-2018.5-P2-TZ1  <- Physics_paper_2__TZ1_HL.pdf  +ms
[run] PHY-2018.5-P3-TZ2  <- Physics_paper_3__TZ2_HL.pdf  +ms
[run] PHY-2018.5-P2  <- Physics_paper_2__HL_French.pdf
[run] PHY-2018.5-P1-TZ2  <- Physics_paper_1__TZ2_HL.pdf  +ms
[run] PHY-2018.5-P3  <- Physics_paper_3__HL_French.pdf
[run] PHY-2018.5-P2-TZ2  <- Physics_paper_2__TZ2_HL.pdf  +ms
[run] PHY-2018.5-P3-TZ1  <- Physics_paper_3__TZ1_HL.pdf  +ms
[run] PHY-2023.11-P1-TZ1  <- Physics_paper_1__TZ1_HL.pdf  +ms
[run] PHY-2023.11-P2-TZ1  <- Physics_paper_2__TZ1_HL.pdf  +ms
[run] PHY-2023.11-P3-TZ2  <- Physics_paper_3__TZ2_HL.pdf  +ms
[run] PHY-2023.11-P1-TZ2  <- Physics_paper_1__TZ2_HL.pdf  +ms
[run] PHY-2023.11-P2-TZ2  <- Physics_paper_2__TZ2_HL.pdf  +ms
[run] PHY-2023.11-P3-TZ1  <- Physics_paper_3__TZ1_HL.pdf  +ms
[run] PHY-2017.5-P1  <- Physics_paper_1__HL_Spanish.pdf
[run] PHY-2017.5-P1-TZ1  <- Physics_paper_1__TZ1_HL.pdf  +ms
[run] PHY-2017.5-P2-TZ1  <- Physics_paper_2__TZ1_HL.pdf  +ms
[run] PHY-2017.5-P3-TZ2  <- Physics_paper_3__TZ2_HL.pdf  +ms
[run] PHY-2017.5-P2  <- Physics_paper_2__HL_French.pdf
  ! failed (rc=1):   File "/Users/lucas.ma/.workbuddy-ai/binaries/python/envs/default/lib/python3.13/site-packages/pdfplumber/pdf.py", line 52, in __init__;     raise PdfminerException(e); pdfplumber.utils.exceptions.PdfminerException: Unexpected EOF
[run] PHY-2017.5-P1-TZ2  <- Physics_paper_1__TZ2_HL.pdf  +ms
[run] PHY-2017.5-P3  <- Physics_paper_3__HL_French.pdf
[run] PHY-2017.5-P2-TZ2  <- Physics_paper_2__TZ2_HL.pdf  +ms
[run] PHY-2017.5-P3-TZ1  <- Physics_paper_3__TZ1_HL.pdf  +ms
[run] PHY-2016.11-P1  <- Physics_paper_1__HL_Spanish.pdf  +ms
[run] PHY-2016.11-P2  <- Physics_paper_2__HL.pdf  +ms
[run] PHY-2016.11-P3  <- Physics_paper_3__HL.pdf  +ms
