[crop] groups=462 unmapped=0
  [A] Mathematics_analysis_and_approaches_paper_1__HL_marksch: 29 recs
  [A] Mathematics_analysis_and_approaches_paper_2__HL_marksch: 34 recs
  [A] Mathematics_analysis_and_approaches_paper_3__HL_marksch: 12 recs
  [A] Mathematics_analysis_and_approaches_paper_1__TZ1_HL_mar: 35 recs
  [A] Mathematics_analysis_and_approaches_paper_1__TZ2_HL_mar: 31 recs
  [A] Mathematics_analysis_and_approaches_paper_2__TZ1_HL_mar: 33 recs
  [A] Mathematics_analysis_and_approaches_paper_2__TZ2_HL_mar: 33 recs
  [A] Mathematics_analysis_and_approaches_paper_3__TZ1_HL_mar: 12 recs
  [A] Mathematics_analysis_and_approaches_paper_3__TZ2_HL_mar: 11 recs
  [A] Mathematics_paper_1__TZ1_HL_markscheme.pdf: 30 recs
  [A] Mathematics_paper_1__TZ2_HL_markscheme.pdf: 25 recs
  [A] Mathematics_paper_2__TZ1_HL_markscheme.pdf: 33 recs
  [A] Mathematics_paper_2__TZ2_HL_markscheme.pdf: 29 recs
  [A] Mathematics_paper_3_Calculus__HL_markscheme.pdf: 13 recs
  [A] Mathematics_paper_3_Discrete_mathematics__HL_markscheme: 13 recs
  [A] Mathematics_paper_3_Sets_relations_and_groups__HL_marks: 11 recs
  [A] Mathematics_paper_3_Statistics_and_probability__HL_mark: 14 recs
  [A] Mathematics_paper_1__HL_markscheme.pdf: 32 recs
  [A] Mathematics_paper_2__HL_markscheme.pdf: 33 recs
  [A] Mathematics_paper_3_Calculus__HL_markscheme.pdf: 11 recs
  [A] Mathematics_paper_3_Discrete_mathematics__HL_markscheme: 16 recs
  [A] Mathematics_paper_3_Sets_relations_and_groups__HL_marks: 13 recs
  [A] Mathematics_paper_3_Statistics_and_probability__HL_mark: 12 recs
  [A] Mathematics_paper_1__TZ1_HL_markscheme.pdf: 28 recs
  [A] Mathematics_paper_1__TZ2_HL_markscheme.pdf: 22 recs
  [A] Mathematics_paper_2__TZ1_HL_markscheme.pdf: 30 recs
  [A] Mathematics_paper_2__TZ2_HL_markscheme.pdf: 31 recs
  [A] Mathematics_paper_3_Calculus__HL_markscheme.pdf: 10 recs
  [A] Mathematics_paper_3_Discrete_mathematics__HL_markscheme: 10 recs
  [A] Mathematics_paper_3_Sets_relations_and_groups__HL_marks: 10 recs
  [A] Mathematics_paper_3_Statistics_and_probability__HL_mark: 15 recs
  [A] Mathematics_paper_1__HL_markscheme.pdf: 22 recs
  [A] Mathematics_paper_2__HL_markscheme.pdf: 25 recs
  [A] Mathematics_paper_3_Calculus__HL_markscheme.pdf: 12 recs
  [A] Mathematics_paper_3_Discrete_mathematics__HL_markscheme: 13 recs
  [A] Mathematics_paper_3_Sets_relations_and_groups__HL_marks: 13 recs
  [A] Mathematics_paper_3_Statistics_and_probability__HL_mark: 11 recs
  [A] Mathematics_paper_1__TZ1_HL_markscheme.pdf: 23 recs
  [A] Mathematics_paper_1__TZ2_HL_markscheme.pdf: 26 recs
  [A] Mathematics_paper_2__TZ1_HL_markscheme.pdf: 22 recs
  [A] Mathematics_paper_2__TZ2_HL_markscheme.pdf: 25 recs
  [A] Mathematics_paper_3_Discrete_mathematics__HL_markscheme: 12 recs
  [A] Mathematics_paper_3_Sets_relations_and_groups__HL_marks: 13 recs
  [A] Mathematics_paper_3_Statistics_and_probability__HL_mark: 16 recs
  [A] Mathematics_paper_1__HL_markscheme.pdf: 24 recs
  [A] Mathematics_paper_2__HL_markscheme.pdf: 25 recs
  [A] Mathematics_paper_1__TZ1_HL_markscheme.pdf: 25 recs
  [A] Mathematics_paper_1__TZ2_HL_markscheme.pdf: 23 recs
  [A] Mathematics_paper_2__TZ1_HL_markscheme.pdf: 27 recs
  [A] Mathematics_paper_2__TZ2_HL_markscheme.pdf: 26 recs
  [A] Mathematics_paper_3_Calculus__HL_markscheme.pdf: 10 recs
  [A] Mathematics_paper_3_Discrete_mathematics__HL_markscheme: 13 recs
  [A] Mathematics_paper_3_Sets_relations_and_groups__HL_marks: 12 recs
  [A] Mathematics_paper_3_Statistics_and_probability__HL_mark: 15 recs
  [A] Mathematics_paper_1__HL_markscheme.pdf: 22 recs
  [A] Mathematics_paper_2__HL_markscheme.pdf: 23 recs
  [A] Mathematics_paper_3_Calculus__HL_markscheme.pdf: 9 recs
  [A] Mathematics_paper_3_Discrete_mathematics__HL_markscheme: 10 recs
  [A] Mathematics_paper_3_Sets_relations_and_groups__HL_marks: 14 recs
  [A] Mathematics_paper_3_Statistics_and_probability__HL_mark: 10 recs
  [A] Mathematics_paper_1__HL_markscheme.pdf: 25 recs
  [A] Mathematics_paper_2__HL_markscheme.pdf: 26 recs
  [A] Mathematics_paper_3_Calculus__HL_markscheme.pdf: 9 recs
  [A] Mathematics_paper_3_Discrete_mathematics__HL_markscheme: 10 recs
  [A] Mathematics_paper_3_Sets_relations_and_groups__HL_marks: 17 recs
  [A] Mathematics_paper_3_Statistics_and_probability__HL_mark: 15 recs
  [A] Mathematics_analysis_and_approaches_paper_1__TZ1_HL_mar: 26 recs
  [A] Mathematics_analysis_and_approaches_paper_1__TZ2_HL_mar: 24 recs
  [A] Mathematics_analysis_and_approaches_paper_2__TZ1_HL_mar: 37 recs
  [A] Mathematics_analysis_and_approaches_paper_2__TZ2_HL_mar: 37 recs
  [A] Mathematics_analysis_and_approaches_paper_3__TZ1_HL_mar: 12 recs
  [A] Mathematics_analysis_and_approaches_paper_3__TZ2_HL_mar: 12 recs
  [A] Mathematics_analysis_and_approaches_paper_1__HL_marksch: 30 recs
  [A] Mathematics_analysis_and_approaches_paper_2__HL_marksch: 34 recs
  [A] Mathematics_analysis_and_approaches_paper_3__HL_marksch: 9 recs
  [A] Mathematics_analysis_and_approaches_paper_1__TZ1_HL_mar: 24 recs
  [A] Mathematics_analysis_and_approaches_paper_1__TZ2_HL_mar: 30 recs
  [A] Mathematics_analysis_and_approaches_paper_2__TZ1_HL_mar: 33 recs
  [A] Mathematics_analysis_and_approaches_paper_2__TZ2_HL_mar: 32 recs
  [A] Mathematics_analysis_and_approaches_paper_3__TZ1_HL_mar: 12 recs
  [A] Mathematics_analysis_and_approaches_paper_3__TZ2_HL_mar: 12 recs
  [A] Mathematics_analysis_and_approaches_paper_1__HL_marksch: 26 recs
  [A] Mathematics_analysis_and_approaches_paper_2__HL_marksch: 28 recs
  [A] Mathematics_analysis_and_approaches_paper_3__HL_marksch: 11 recs
  [A] Mathematics_analysis_and_approaches_paper_1__TZ1_HL_mar: 29 recs
  [A] Mathematics_analysis_and_approaches_paper_1__TZ2_HL_mar: 30 recs
  [A] Mathematics_analysis_and_approaches_paper_2__TZ1_HL_mar: 29 recs
  [A] Mathematics_analysis_and_approaches_paper_2__TZ2_HL_mar: 33 recs
  [A] Mathematics_analysis_and_approaches_paper_3__TZ1_HL_mar: 12 recs
  [A] Mathematics_analysis_and_approaches_paper_3__TZ2_HL_mar: 12 recs
  [A] Mathematics_analysis_and_approaches_paper_1__TZ1_HL_mar: 25 recs
  [A] Mathematics_analysis_and_approaches_paper_1__TZ2_HL_mar: 25 recs
  [A] Mathematics_analysis_and_approaches_paper_2__TZ1_HL_mar: 33 recs
  [A] Mathematics_analysis_and_approaches_paper_2__TZ2_HL_mar: 33 recs
  [A] Mathematics_analysis_and_approaches_paper_3__HL_marksch: 12 recs
  [A] markscheme-HL-paper1.pdf: 100 recs
  [A] markscheme-HL-paper2.pdf: 74 recs
  [A] markscheme-HL-paper3.pdf: 4 recs
  [A] markscheme-HL-paper3.pdf: 104 recs
  [A] markscheme-HL-paper1.pdf: 88 recs
  [A] markscheme-HL-paper2.pdf: 74 recs
  [A] markscheme-HL-paper3.pdf: 2 recs
  [A] markscheme-HL-paper1.pdf: 56 recs
  [A] markscheme-HL-paper2.pdf: 53 recs
  [A] markscheme-HL-paper1.pdf: 37 recs
  [A] markscheme-HL-paper2.pdf: 35 recs
  [A] markscheme-HL-paper1.pdf: 47 recs
  [A] markscheme-HL-paper2.pdf: 95 recs
  [A] markscheme-HL-paper3.pdf: 17 recs
  [A] markscheme-HL-paper1.pdf: 116 recs
  [A] markscheme-HL-paper2.pdf: 100 recs
  [A] markscheme-HL-paper3.pdf: 8 recs
  [A] markscheme-HL-paper2.pdf: 3 recs
  [A] markscheme-HL-paper3.pdf: 90 recs
  [A] markscheme-HL-paper3.pdf: 104 recs
  [A] markscheme-HL-paper1.pdf: 5 recs
  [A] markscheme-HL-paper2.pdf: 8 recs
  [A] markscheme-HL-paper3.pdf: 95 recs
  [A] Physics_paper_1__HL_markscheme.pdf: 40 recs
  [A] Physics_paper_2__HL_markscheme.pdf: 36 recs
  [A] Physics_paper_3__HL_markscheme.pdf: 53 recs
  [A] Physics_paper_1__HL_markscheme.pdf: 40 recs
  [A] Physics_paper_2__HL_markscheme.pdf: 29 recs
  [A] Physics_paper_3__HL_markscheme.pdf: 66 recs
  [A] Physics_paper_1__TZ1_HL_markscheme.pdf: 40 recs
  [A] Physics_paper_1__TZ2_HL_markscheme.pdf: 40 recs
  [A] Physics_paper_2__TZ1_HL_markscheme.pdf: 33 recs
  [A] Physics_paper_2__TZ2_HL_markscheme.pdf: 30 recs
  [A] Physics_paper_3__TZ1_HL_markscheme.pdf: 51 recs
  [A] Physics_paper_3__TZ2_HL_markscheme.pdf: 47 recs
  [A] Physics_paper_1__HL_markscheme.pdf: 40 recs
  [A] Physics_paper_2__HL_markscheme.pdf: 27 recs
  [A] Physics_paper_3__HL_markscheme.pdf: 57 recs
  [A] Physics_paper_1__TZ1_HL_markscheme.pdf: 40 recs
  [A] Physics_paper_1__TZ2_HL_markscheme.pdf: 40 recs
  [A] Physics_paper_2__TZ1_HL_markscheme.pdf: 29 recs
  [A] Physics_paper_2__TZ2_HL_markscheme.pdf: 30 recs
  [A] Physics_paper_3__TZ1_HL_markscheme.pdf: 54 recs
  [A] Physics_paper_3__TZ2_HL_markscheme.pdf: 51 recs
  [A] Physics_paper_1__HL_markscheme.pdf: 40 recs
  [A] Physics_paper_2__HL_markscheme.pdf: 27 recs
  [A] Physics_paper_3__HL_markscheme.pdf: 53 recs
  [A] Physics_paper_1__TZ1_HL_markscheme.pdf: 40 recs
  [A] Physics_paper_1__TZ2_HL_markscheme.pdf: 40 recs
  [A] Physics_paper_2__TZ1_HL_markscheme.pdf: 23 recs
  [A] Physics_paper_2__TZ2_HL_markscheme.pdf: 34 recs
  [A] Physics_paper_3__TZ1_HL_markscheme.pdf: 48 recs
  [A] Physics_paper_3__TZ2_HL_markscheme.pdf: 57 recs
  [A] Physics_paper_1__HL_markscheme.pdf: 40 recs
  [A] Physics_paper_2__HL_markscheme.pdf: 29 recs
  [A] Physics_paper_3__HL_markscheme.pdf: 42 recs
  [A] Physics_paper_1__HL_markscheme.pdf: 40 recs
  [A] Physics_paper_2__HL_markscheme.pdf: 30 recs
  [A] Physics_paper_3__HL_markscheme.pdf: 59 recs
  [A] Physics_paper_1__TZ1_HL_markscheme.pdf: 40 recs
  [A] Physics_paper_1__TZ2_HL_markscheme.pdf: 40 recs
  [A] Physics_paper_2__TZ1_HL_markscheme.pdf: 32 recs
  [A] Physics_paper_2__TZ2_HL_markscheme.pdf: 30 recs
  [A] Physics_paper_1__TZ1_HL_markscheme.pdf: 40 recs
  [A] Physics_paper_1__TZ2_HL_markscheme.pdf: 40 recs
  [A] Physics_paper_2__TZ1_HL_markscheme.pdf: 32 recs
  [A] Physics_paper_2__TZ2_HL_markscheme.pdf: 26 recs
  [A] Physics_paper_1__HL_markscheme.pdf: 40 recs
  [A] Physics_paper_2__HL_markscheme.pdf: 28 recs
  [A] Physics_paper_1__TZ1_HL_markscheme.pdf: 40 recs
  [A] Physics_paper_1__TZ2_HL_markscheme.pdf: 40 recs
  [A] Physics_paper_2__TZ1_HL_markscheme.pdf: 24 recs
  [A] Physics_paper_2__TZ2_HL_markscheme.pdf: 32 recs
  [A] Physics_paper_3__TZ1_HL_markscheme.pdf: 59 recs
  [A] Physics_paper_3__TZ2_HL_markscheme.pdf: 68 recs
  [A] Physics_paper_1__TZ1_HL_markscheme.pdf: 40 recs
  [A] Physics_paper_1__TZ2_HL_markscheme.pdf: 40 recs
  [A] Physics_paper_2__TZ1_HL_markscheme.pdf: 28 recs
  [A] Physics_paper_2__TZ2_HL_markscheme.pdf: 28 recs
  [A] Physics_paper_3__TZ1_HL_markscheme.pdf: 49 recs
  [A] Physics_paper_3__TZ2_HL_markscheme.pdf: 49 recs
  [A] Physics_paper_1__TZ1_HL_markscheme.pdf: 40 recs
  [A] Physics_paper_1__TZ2_HL_markscheme.pdf: 40 recs
  [A] Physics_paper_2__TZ1_HL_markscheme.pdf: 36 recs
  [A] Physics_paper_2__TZ2_HL_markscheme.pdf: 29 recs
  [A] Physics_paper_3__TZ1_HL_markscheme.pdf: 53 recs
  [A] Physics_paper_3__TZ2_HL_markscheme.pdf: 64 recs
  [A] Physics_paper_1__HL_markscheme.pdf: 40 recs
  [A] Physics_paper_2__HL_markscheme.pdf: 29 recs
  [A] Physics_paper_3__HL_markscheme.pdf: 50 recs
  [A] Physics_paper_1A_TZ1_HL_markscheme.pdf: 40 recs
  [A] Physics_paper_1A_TZ2_HL_markscheme.pdf: 40 recs
  [A] Physics_paper_1A_TZ3_HL_markscheme.pdf: 40 recs
  [A] Physics_paper_1B_TZ1_HL_markscheme.pdf: 9 recs
  [A] Physics_paper_1B_TZ2_HL_markscheme.pdf: 7 recs
  [A] Physics_paper_1B_TZ3_HL_markscheme.pdf: 7 recs
  [A] Physics_paper_2_TZ1_HL_markscheme.pdf: 28 recs
  [A] Physics_paper_2_TZ2_HL_markscheme.pdf: 28 recs
  [A] Physics_paper_2_TZ3_HL_markscheme.pdf: 29 recs
  [A] Physics_paper_1A_TZ1_HL_markscheme.pdf: 40 recs
  [A] Physics_paper_1A_TZ3_HL_markscheme.pdf: 40 recs
  [A] Physics_paper_1B_TZ1_HL_markscheme.pdf: 9 recs
  [A] Physics_paper_1B_TZ3_HL_markscheme.pdf: 11 recs
  [A] Physics_paper_2_TZ1_HL_markscheme.pdf: 25 recs
  [A] Physics_paper_2_TZ3_HL_markscheme.pdf: 29 recs
  [A] markscheme-HL-paper3.pdf: 63 recs
  [A] markscheme-HL-paper3.pdf: 32 recs
  [A] markscheme-HL-paper3.pdf: 46 recs
  [A] markscheme-HL-paper1.pdf: 4 recs
  [A] markscheme-HL-paper2.pdf: 4 recs
  [A] markscheme-HL-paper1.pdf: 42 recs
  [A] markscheme-HL-paper2.pdf: 20 recs
  [A] markscheme-HL-paper1.pdf: 47 recs
  [A] markscheme-HL-paper2.pdf: 23 recs
  [A] markscheme-HL-paper1.pdf: 58 recs
  [A] markscheme-HL-paper2.pdf: 27 recs
  [A] markscheme-HL-paper3.pdf: 2 recs
  [A] markscheme-HL-paper1.pdf: 45 recs
  [A] markscheme-HL-paper2.pdf: 12 recs
  [A] markscheme-HL-paper1.pdf: 16 recs
  [A] markscheme-HL-paper2.pdf: 7 recs
  [A] markscheme-HL-paper1.pdf: 51 recs
  [A] markscheme-HL-paper2.pdf: 16 recs
  [A] markscheme-HL-paper3.pdf: 1 recs
  [A] markscheme-HL-paper1.pdf: 20 recs
  [A] markscheme-HL-paper2.pdf: 19 recs
  [A] markscheme-HL-paper1.pdf: 9 recs
  [A] markscheme-HL-paper2.pdf: 10 recs
  [A] markscheme-HL-paper1.pdf: 39 recs
  [A] markscheme-HL-paper2.pdf: 15 recs
  [A] markscheme-HL-paper3.pdf: 18 recs
  [A] markscheme-HL-paper1.pdf: 18 recs
  [A] markscheme-HL-paper2.pdf: 8 recs
  [A] markscheme-HL-paper1.pdf: 36 recs
  [A] markscheme-HL-paper2.pdf: 23 recs
  [A] markscheme-HL-paper3.pdf: 13 recs
  [Q] Mathematics_analysis_and_approaches_paper_1__HL.pdf: 29 recs
  [Q] Mathematics_analysis_and_approaches_paper_2__HL.pdf: 34 recs
  [Q] Mathematics_analysis_and_approaches_paper_3__HL.pdf: 12 recs
  [Q] Mathematics_analysis_and_approaches_paper_1__TZ1_HL.pdf: 35 recs
  [Q] Mathematics_analysis_and_approaches_paper_1__TZ2_HL.pdf: 31 recs
  [Q] Mathematics_analysis_and_approaches_paper_2__TZ1_HL.pdf: 33 recs
  [Q] Mathematics_analysis_and_approaches_paper_2__TZ2_HL.pdf: 33 recs
  [Q] Mathematics_analysis_and_approaches_paper_3__TZ1_HL.pdf: 12 recs
  [Q] Mathematics_analysis_and_approaches_paper_3__TZ2_HL.pdf: 11 recs
  [Q] Mathematics_paper_1__TZ1_HL.pdf: 30 recs
  [Q] Mathematics_paper_1__TZ2_HL.pdf: 25 recs
  [Q] Mathematics_paper_2__TZ1_HL.pdf: 33 recs
  [Q] Mathematics_paper_2__TZ2_HL.pdf: 29 recs
  [Q] Mathematics_paper_3_Calculus__HL.pdf: 13 recs
  [Q] Mathematics_paper_3_Discrete_mathematics__HL.pdf: 13 recs
  [Q] Mathematics_paper_3_Sets_relations_and_groups__HL.pdf: 11 recs
  [Q] Mathematics_paper_3_Statistics_and_probability__HL.pdf: 14 recs
  [Q] Mathematics_paper_1__HL.pdf: 32 recs
  [Q] Mathematics_paper_2__HL.pdf: 33 recs
  [Q] Mathematics_paper_3_Calculus__HL.pdf: 11 recs
  [Q] Mathematics_paper_3_Discrete_mathematics__HL.pdf: 16 recs
  [Q] Mathematics_paper_3_Sets_relations_and_groups__HL.pdf: 13 recs
  [Q] Mathematics_paper_3_Statistics_and_probability__HL.pdf: 12 recs
  [Q] Mathematics_paper_1__TZ1_HL.pdf: 28 recs
  [Q] Mathematics_paper_1__TZ2_HL.pdf: 22 recs
  [Q] Mathematics_paper_2__TZ1_HL.pdf: 30 recs
  [Q] Mathematics_paper_2__TZ2_HL.pdf: 31 recs
  [Q] Mathematics_paper_3_Calculus__HL.pdf: 10 recs
  [Q] Mathematics_paper_3_Discrete_mathematics__HL.pdf: 10 recs
  [Q] Mathematics_paper_3_Sets_relations_and_groups__HL.pdf: 10 recs
  [Q] Mathematics_paper_3_Statistics_and_probability__HL.pdf: 15 recs
  [Q] Mathematics_paper_1__HL.pdf: 22 recs
  [Q] Mathematics_paper_2__HL.pdf: 25 recs
  [Q] Mathematics_paper_3_Calculus__HL.pdf: 12 recs
  [Q] Mathematics_paper_3_Discrete_mathematics__HL.pdf: 13 recs
  [Q] Mathematics_paper_3_Sets_relations_and_groups__HL.pdf: 13 recs
  [Q] Mathematics_paper_3_Statistics_and_probability__HL.pdf: 11 recs
  [Q] Mathematics_paper_1__TZ1_HL.pdf: 23 recs
  [Q] Mathematics_paper_1__TZ2_HL.pdf: 26 recs
  [Q] Mathematics_paper_2__TZ1_HL.pdf: 22 recs
  [Q] Mathematics_paper_2__TZ2_HL.pdf: 25 recs
  [Q] Mathematics_paper_3_Discrete_mathematics__HL.pdf: 12 recs
  [Q] Mathematics_paper_3_Sets_relations_and_groups__HL.pdf: 13 recs
  [Q] Mathematics_paper_3_Statistics_and_probability__HL.pdf: 16 recs
  [Q] Mathematics_paper_1__HL.pdf: 24 recs
  [Q] Mathematics_paper_2__HL.pdf: 25 recs
  [Q] Mathematics_paper_1__TZ1_HL.pdf: 25 recs
  [Q] Mathematics_paper_1__TZ2_HL.pdf: 23 recs
  [Q] Mathematics_paper_2__TZ1_HL.pdf: 27 recs
  [Q] Mathematics_paper_2__TZ2_HL.pdf: 26 recs
  [Q] Mathematics_paper_3_Calculus__HL.pdf: 10 recs
  [Q] Mathematics_paper_3_Discrete_mathematics__HL.pdf: 13 recs
  [Q] Mathematics_paper_3_Sets_relations_and_groups__HL.pdf: 12 recs
  [Q] Mathematics_paper_3_Statistics_and_probability__HL.pdf: 15 recs
  [Q] Mathematics_paper_1__HL.pdf: 22 recs
  [Q] Mathematics_paper_2__HL.pdf: 23 recs
  [Q] Mathematics_paper_3_Calculus__HL.pdf: 9 recs
  [Q] Mathematics_paper_3_Discrete_mathematics__HL.pdf: 10 recs
  [Q] Mathematics_paper_3_Sets_relations_and_groups__HL.pdf: 14 recs
  [Q] Mathematics_paper_3_Statistics_and_probability__HL.pdf: 10 recs
  [Q] Mathematics_paper_1__HL.pdf: 25 recs
  [Q] Mathematics_paper_2__HL.pdf: 26 recs
  [Q] Mathematics_paper_3_Calculus__HL.pdf: 9 recs
  [Q] Mathematics_paper_3_Discrete_mathematics__HL.pdf: 10 recs
  [Q] Mathematics_paper_3_Sets_relations_and_groups__HL.pdf: 17 recs
  [Q] Mathematics_paper_3_Statistics_and_probability__HL.pdf: 15 recs
  [Q] Mathematics_analysis_and_approaches_paper_1__TZ1_HL.pdf: 26 recs
  [Q] Mathematics_analysis_and_approaches_paper_1__TZ2_HL.pdf: 24 recs
  [Q] Mathematics_analysis_and_approaches_paper_2__TZ1_HL.pdf: 37 recs
  [Q] Mathematics_analysis_and_approaches_paper_2__TZ2_HL.pdf: 37 recs
  [Q] Mathematics_analysis_and_approaches_paper_3__TZ1_HL.pdf: 12 recs
  [Q] Mathematics_analysis_and_approaches_paper_3__TZ2_HL.pdf: 12 recs
  [Q] Mathematics_analysis_and_approaches_paper_1__HL.pdf: 30 recs
  [Q] Mathematics_analysis_and_approaches_paper_2__HL.pdf: 34 recs
  [Q] Mathematics_analysis_and_approaches_paper_3__HL.pdf: 9 recs
  [Q] Mathematics_analysis_and_approaches_paper_1__TZ1_HL.pdf: 24 recs
  [Q] Mathematics_analysis_and_approaches_paper_1__TZ2_HL.pdf: 30 recs
  [Q] Mathematics_analysis_and_approaches_paper_2__TZ1_HL.pdf: 33 recs
  [Q] Mathematics_analysis_and_approaches_paper_2__TZ2_HL.pdf: 32 recs
  [Q] Mathematics_analysis_and_approaches_paper_3__TZ1_HL.pdf: 12 recs
  [Q] Mathematics_analysis_and_approaches_paper_3__TZ2_HL.pdf: 12 recs
  [Q] Mathematics_analysis_and_approaches_paper_1__HL.pdf: 26 recs
  [Q] Mathematics_analysis_and_approaches_paper_2__HL.pdf: 28 recs
  [Q] Mathematics_analysis_and_approaches_paper_3__HL.pdf: 11 recs
  [Q] Mathematics_analysis_and_approaches_paper_1__TZ1_HL.pdf: 29 recs
  [Q] Mathematics_analysis_and_approaches_paper_1__TZ2_HL.pdf: 30 recs
  [Q] Mathematics_analysis_and_approaches_paper_2__TZ1_HL.pdf: 29 recs
  [Q] Mathematics_analysis_and_approaches_paper_2__TZ2_HL.pdf: 33 recs
  [Q] Mathematics_analysis_and_approaches_paper_3__TZ1_HL.pdf: 12 recs
  [Q] Mathematics_analysis_and_approaches_paper_3__TZ2_HL.pdf: 12 recs
  [Q] Mathematics_analysis_and_approaches_paper_1__TZ1_HL.pdf: 25 recs
  [Q] Mathematics_analysis_and_approaches_paper_1__TZ2_HL.pdf: 25 recs
  [Q] Mathematics_analysis_and_approaches_paper_2__TZ1_HL.pdf: 33 recs
  [Q] Mathematics_analysis_and_approaches_paper_2__TZ2_HL.pdf: 33 recs
  [Q] Mathematics_analysis_and_approaches_paper_3__HL.pdf: 12 recs
  [Q] HL-paper1.pdf: 100 recs
  [Q] HL-paper2.pdf: 74 recs
  [Q] HL-paper3.pdf: 4 recs
  [Q] HL-paper3.pdf: 104 recs
  [Q] HL-paper1.pdf: 88 recs
  [Q] HL-paper2.pdf: 74 recs
  [Q] HL-paper3.pdf: 2 recs
  [Q] HL-paper1.pdf: 56 recs
  [Q] HL-paper2.pdf: 53 recs
  [Q] HL-paper1.pdf: 37 recs
  [Q] HL-paper2.pdf: 35 recs
  [Q] HL-paper1.pdf: 47 recs
  [Q] HL-paper2.pdf: 95 recs
  [Q] HL-paper3.pdf: 17 recs
  [Q] HL-paper1.pdf: 116 recs
  [Q] HL-paper2.pdf: 100 recs
  [Q] HL-paper3.pdf: 8 recs
  [Q] HL-paper2.pdf: 3 recs
  [Q] HL-paper3.pdf: 90 recs
  [Q] HL-paper3.pdf: 104 recs
  [Q] HL-paper1.pdf: 5 recs
  [Q] HL-paper2.pdf: 8 recs
  [Q] HL-paper3.pdf: 95 recs
  [Q] Physics_paper_1__HL.pdf: 40 recs
  [Q] Physics_paper_2__HL.pdf: 36 recs
  [Q] Physics_paper_3__HL.pdf: 53 recs
  [Q] Physics_paper_1__HL.pdf: 40 recs
  [Q] Physics_paper_2__HL.pdf: 29 recs
  [Q] Physics_paper_3__HL.pdf: 66 recs
  [Q] Physics_paper_1__TZ1_HL.pdf: 40 recs
  [Q] Physics_paper_1__TZ2_HL.pdf: 40 recs
  [Q] Physics_paper_2__TZ1_HL.pdf: 33 recs
  [Q] Physics_paper_2__TZ2_HL.pdf: 30 recs
  [Q] Physics_paper_3__TZ1_HL.pdf: 51 recs
  [Q] Physics_paper_3__TZ2_HL.pdf: 47 recs
  [Q] Physics_paper_1__HL.pdf: 40 recs
  [Q] Physics_paper_2__HL.pdf: 27 recs
  [Q] Physics_paper_3__HL.pdf: 57 recs
  [Q] Physics_paper_1__TZ1_HL.pdf: 40 recs
  [Q] Physics_paper_1__TZ2_HL.pdf: 40 recs
  [Q] Physics_paper_2__TZ1_HL.pdf: 29 recs
  [Q] Physics_paper_2__TZ2_HL.pdf: 30 recs
  [Q] Physics_paper_3__TZ1_HL.pdf: 54 recs
  [Q] Physics_paper_3__TZ2_HL.pdf: 51 recs
  [Q] Physics_paper_1__HL.pdf: 40 recs
  [Q] Physics_paper_2__HL.pdf: 27 recs
  [Q] Physics_paper_3__HL.pdf: 53 recs
  [Q] Physics_paper_1__TZ1_HL.pdf: 40 recs
  [Q] Physics_paper_1__TZ2_HL.pdf: 40 recs
  [Q] Physics_paper_2__TZ1_HL.pdf: 23 recs
  [Q] Physics_paper_2__TZ2_HL.pdf: 34 recs
  [Q] Physics_paper_3__TZ1_HL.pdf: 48 recs
  [Q] Physics_paper_3__TZ2_HL.pdf: 57 recs
  [Q] Physics_paper_1__HL.pdf: 40 recs
  [Q] Physics_paper_2__HL.pdf: 29 recs
  [Q] Physics_paper_3__HL.pdf: 42 recs
  [Q] Physics_paper_1__HL.pdf: 40 recs
  [Q] Physics_paper_2__HL.pdf: 30 recs
  [Q] Physics_paper_3__HL.pdf: 59 recs
  [Q] Physics_paper_1__TZ1_HL.pdf: 40 recs
  [Q] Physics_paper_1__TZ2_HL.pdf: 40 recs
  [Q] Physics_paper_2__TZ1_HL.pdf: 32 recs
  [Q] Physics_paper_2__TZ2_HL.pdf: 30 recs
  [Q] Physics_paper_1__TZ1_HL.pdf: 40 recs
  [Q] Physics_paper_1__TZ2_HL.pdf: 40 recs
  [Q] Physics_paper_2__TZ1_HL.pdf: 32 recs
  [Q] Physics_paper_2__TZ2_HL.pdf: 26 recs
  [Q] Physics_paper_1__HL.pdf: 40 recs
  [Q] Physics_paper_2__HL.pdf: 28 recs
  [Q] Physics_paper_1__TZ1_HL.pdf: 40 recs
  [Q] Physics_paper_1__TZ2_HL.pdf: 40 recs
  [Q] Physics_paper_2__TZ1_HL.pdf: 24 recs
  [Q] Physics_paper_2__TZ2_HL.pdf: 32 recs
  [Q] Physics_paper_3__TZ1_HL.pdf: 59 recs
  [Q] Physics_paper_3__TZ2_HL.pdf: 68 recs
  [Q] Physics_paper_1__TZ1_HL.pdf: 40 recs
  [Q] Physics_paper_1__TZ2_HL.pdf: 40 recs
  [Q] Physics_paper_2__TZ1_HL.pdf: 28 recs
  [Q] Physics_paper_2__TZ2_HL.pdf: 28 recs
  [Q] Physics_paper_3__TZ1_HL.pdf: 49 recs
  [Q] Physics_paper_3__TZ2_HL.pdf: 49 recs
  [Q] Physics_paper_1__TZ1_HL.pdf: 40 recs
  [Q] Physics_paper_1__TZ2_HL.pdf: 40 recs
  [Q] Physics_paper_2__TZ1_HL.pdf: 36 recs
  [Q] Physics_paper_2__TZ2_HL.pdf: 29 recs
  [Q] Physics_paper_3__TZ1_HL.pdf: 53 recs
  [Q] Physics_paper_3__TZ2_HL.pdf: 64 recs
  [Q] Physics_paper_1__HL.pdf: 40 recs
  [Q] Physics_paper_2__HL.pdf: 29 recs
  [Q] Physics_paper_3__HL.pdf: 50 recs
  [Q] Physics_paper_1A_TZ1_HL.pdf: 40 recs
  [Q] Physics_paper_1A_TZ2_HL.pdf: 40 recs
  [Q] Physics_paper_1A_TZ3_HL.pdf: 40 recs
  [Q] Physics_paper_1B_TZ1_HL.pdf: 9 recs
  [Q] Physics_paper_1B_TZ2_HL.pdf: 7 recs
  [Q] Physics_paper_1B_TZ3_HL.pdf: 7 recs
  [Q] Physics_paper_2_TZ1_HL.pdf: 28 recs
  [Q] Physics_paper_2_TZ2_HL.pdf: 28 recs
  [Q] Physics_paper_2_TZ3_HL.pdf: 29 recs
  [Q] Physics_paper_1A_TZ1_HL.pdf: 40 recs
  [Q] Physics_paper_1A_TZ3_HL.pdf: 40 recs
  [Q] Physics_paper_1B_TZ1_HL.pdf: 9 recs
  [Q] Physics_paper_1B_TZ3_HL.pdf: 11 recs
  [Q] Physics_paper_2_TZ1_HL.pdf: 25 recs
  [Q] Physics_paper_2_TZ3_HL.pdf: 29 recs
  [Q] HL-paper3.pdf: 63 recs
  [Q] HL-paper3.pdf: 32 recs
  [Q] HL-paper3.pdf: 46 recs
  [Q] HL-paper1.pdf: 4 recs
  [Q] HL-paper2.pdf: 4 recs
  [Q] HL-paper1.pdf: 42 recs
  [Q] HL-paper2.pdf: 20 recs
  [Q] HL-paper1.pdf: 47 recs
  [Q] HL-paper2.pdf: 23 recs
  [Q] HL-paper1.pdf: 58 recs
  [Q] HL-paper2.pdf: 27 recs
  [Q] HL-paper3.pdf: 2 recs
  [Q] HL-paper1.pdf: 45 recs
  [Q] HL-paper2.pdf: 12 recs
  [Q] HL-paper1.pdf: 16 recs
  [Q] HL-paper2.pdf: 7 recs
  [Q] HL-paper1.pdf: 51 recs
  [Q] HL-paper2.pdf: 16 recs
  [Q] HL-paper3.pdf: 1 recs
  [Q] HL-paper1.pdf: 20 recs
  [Q] HL-paper2.pdf: 19 recs
  [Q] HL-paper1.pdf: 9 recs
  [Q] HL-paper2.pdf: 10 recs
  [Q] HL-paper1.pdf: 39 recs
  [Q] HL-paper2.pdf: 15 recs
  [Q] HL-paper3.pdf: 18 recs
  [Q] HL-paper1.pdf: 18 recs
  [Q] HL-paper2.pdf: 8 recs
  [Q] HL-paper1.pdf: 36 recs
  [Q] HL-paper2.pdf: 23 recs
  [Q] HL-paper3.pdf: 13 recs
[crop] done: {'files': 462, 'crops_rendered': 3404, 'Q_linked': 3097, 'A_linked': 1930, 'Q_no_figure': 3665, 'A_no_figure': 3114, 'not_found': 2470}
