[raw] physics: 82 paper sessions (done 82)
  [skip] 2016.05 Paper 1 —
  [skip] 2016.05 Paper 2 —
  [skip] 2016.05 Paper 3 —
  [skip] 2016.11 Paper 1 —
  [skip] 2016.11 Paper 2 —
  [skip] 2016.11 Paper 3 —
  [skip] 2017.05 Paper 1 TZ1
  [skip] 2017.05 Paper 1 TZ2
  [skip] 2017.05 Paper 2 TZ1
  [skip] 2017.05 Paper 2 TZ2
  [skip] 2017.05 Paper 3 TZ1
  [skip] 2017.05 Paper 3 TZ2
  [skip] 2017.11 Paper 1 —
  [skip] 2017.11 Paper 2 —
  [skip] 2017.11 Paper 3 —
  [skip] 2018.05 Paper 1 TZ1
  [skip] 2018.05 Paper 1 TZ2
  [skip] 2018.05 Paper 2 TZ1
  [skip] 2018.05 Paper 2 TZ2
  [skip] 2018.05 Paper 3 TZ1
  [skip] 2018.05 Paper 3 TZ2
  [skip] 2018.11 Paper 1 —
  [skip] 2018.11 Paper 2 —
  [skip] 2018.11 Paper 3 —
  [skip] 2019.05 Paper 1 TZ1
  [skip] 2019.05 Paper 1 TZ2
  [skip] 2019.05 Paper 2 TZ1
  [skip] 2019.05 Paper 2 TZ2
  [skip] 2019.05 Paper 3 TZ1
  [skip] 2019.05 Paper 3 TZ2
  [skip] 2019.11 Paper 1 —
  [skip] 2019.11 Paper 2 —
  [skip] 2019.11 Paper 3 —
  [skip] 2020.11 Paper 1 —
  [skip] 2020.11 Paper 2 —
  [skip] 2020.11 Paper 3 —
  [skip] 2021.05 Paper 1 TZ1
  [skip] 2021.05 Paper 1 TZ2
  [skip] 2021.05 Paper 2 TZ1
  [skip] 2021.05 Paper 2 TZ2
  [skip] 2022.05 Paper 1 TZ1
  [skip] 2022.05 Paper 1 TZ2
  [skip] 2022.05 Paper 2 TZ1
  [skip] 2022.05 Paper 2 TZ2
  [skip] 2022.11 Paper 1 —
  [skip] 2022.11 Paper 2 —
  [skip] 2023.05 Paper 1 TZ1
  [skip] 2023.05 Paper 1 TZ2
  [skip] 2023.05 Paper 2 TZ1
  [skip] 2023.05 Paper 2 TZ2
  [skip] 2023.05 Paper 3 TZ1
  [skip] 2023.05 Paper 3 TZ2
  [skip] 2023.11 Paper 1 TZ1
  [skip] 2023.11 Paper 1 TZ2
  [skip] 2023.11 Paper 2 TZ1
  [skip] 2023.11 Paper 2 TZ2
  [skip] 2023.11 Paper 3 TZ1
  [skip] 2023.11 Paper 3 TZ2
  [skip] 2024.05 Paper 1 TZ1
  [skip] 2024.05 Paper 1 TZ2
  [skip] 2024.05 Paper 2 TZ1
  [skip] 2024.05 Paper 2 TZ2
  [skip] 2024.05 Paper 3 TZ1
  [skip] 2024.05 Paper 3 TZ2
  [skip] 2024.11 Paper 1 —
  [skip] 2024.11 Paper 2 —
  [skip] 2024.11 Paper 3 —
  [skip] 2025.05 Paper 1A TZ1
  [skip] 2025.05 Paper 1A TZ2
  [skip] 2025.05 Paper 1A TZ3
  [skip] 2025.05 Paper 1B TZ1
  [skip] 2025.05 Paper 1B TZ2
  [skip] 2025.05 Paper 1B TZ3
  [skip] 2025.05 Paper 2 TZ1
  [skip] 2025.05 Paper 2 TZ2
  [skip] 2025.05 Paper 2 TZ3
  [skip] 2025.11 Paper 1A TZ1
  [skip] 2025.11 Paper 1A TZ3
  [skip] 2025.11 Paper 1B TZ1
  [skip] 2025.11 Paper 1B TZ3
  [skip] 2025.11 Paper 2 TZ1
  [skip] 2025.11 Paper 2 TZ3
[raw] math: 97 paper sessions (done 95)
  [skip] 2016.05 Paper 1 TZ1
  [skip] 2016.05 Paper 1 TZ2
  [skip] 2016.05 Paper 2 TZ1
  [skip] 2016.05 Paper 2 TZ2
  [skip] 2016.05 Paper 3 Calculus —
  [skip] 2016.05 Paper 3 Discrete mathematics —
  [skip] 2016.05 Paper 3 Sets relations and groups —
  [skip] 2016.05 Paper 3 Statistics and probability —
  [skip] 2016.11 Paper 1 —
  [skip] 2016.11 Paper 2 —
  [skip] 2016.11 Paper 3 Calculus —
  [skip] 2016.11 Paper 3 Discrete mathematics —
  [skip] 2016.11 Paper 3 Sets relations and groups —
  [skip] 2016.11 Paper 3 Statistics and probability —
  [skip] 2017.05 Paper 1 TZ1
  [skip] 2017.05 Paper 1 TZ2
  [skip] 2017.05 Paper 2 TZ1
  [skip] 2017.05 Paper 2 TZ2
  [skip] 2017.05 Paper 3 Calculus —
  [skip] 2017.05 Paper 3 Discrete mathematics —
  [skip] 2017.05 Paper 3 Sets relations and groups —
  [skip] 2017.05 Paper 3 Statistics and probability —
  [skip] 2017.11 Paper 1 —
  [skip] 2017.11 Paper 2 —
  [skip] 2017.11 Paper 3 Calculus —
  [skip] 2017.11 Paper 3 Discrete mathematics —
  [skip] 2017.11 Paper 3 Sets relations and groups —
  [skip] 2017.11 Paper 3 Statistics and probability —
  [skip] 2018.05 Paper 1 TZ1
  [skip] 2018.05 Paper 1 TZ2
  [skip] 2018.05 Paper 2 TZ1
  [skip] 2018.05 Paper 2 TZ2
  [WARN] 2018.05 Paper 3 Calculus : q=y ms=n
  [skip] 2018.05 Paper 3 Discrete mathematics —
  [skip] 2018.05 Paper 3 Sets relations and groups —
  [skip] 2018.05 Paper 3 Statistics and probability —
  [skip] 2018.11 Paper 1 —
  [skip] 2018.11 Paper 2 —
  [WARN] 2018.11 Paper 3 Calculus : q=y ms=n
  [skip] 2019.05 Paper 1 TZ1
  [skip] 2019.05 Paper 1 TZ2
  [skip] 2019.05 Paper 2 TZ1
  [skip] 2019.05 Paper 2 TZ2
  [skip] 2019.05 Paper 3 Calculus —
  [skip] 2019.05 Paper 3 Discrete mathematics —
  [skip] 2019.05 Paper 3 Sets relations and groups —
  [skip] 2019.05 Paper 3 Statistics and probability —
  [skip] 2019.11 Paper 1 —
  [skip] 2019.11 Paper 2 —
  [skip] 2019.11 Paper 3 Calculus —
  [skip] 2019.11 Paper 3 Discrete mathematics —
  [skip] 2019.11 Paper 3 Sets relations and groups —
  [skip] 2019.11 Paper 3 Statistics and probability —
  [skip] 2020.11 Paper 1 —
  [skip] 2020.11 Paper 2 —
  [skip] 2020.11 Paper 3 Calculus —
  [skip] 2020.11 Paper 3 Discrete mathematics —
  [skip] 2020.11 Paper 3 Sets relations and groups —
  [skip] 2020.11 Paper 3 Statistics and probability —
  [skip] 2021.05 Paper 1 TZ1
  [skip] 2021.05 Paper 1 TZ2
  [skip] 2021.05 Paper 2 TZ1
  [skip] 2021.05 Paper 2 TZ2
  [skip] 2021.05 Paper 3 TZ1
  [skip] 2021.05 Paper 3 TZ2
  [skip] 2021.11 Paper 1 —
  [skip] 2021.11 Paper 2 —
  [skip] 2021.11 Paper 3 —
  [skip] 2022.05 Paper 1 TZ1
  [skip] 2022.05 Paper 1 TZ2
  [skip] 2022.05 Paper 2 TZ1
  [skip] 2022.05 Paper 2 TZ2
  [skip] 2022.05 Paper 3 TZ1
  [skip] 2022.05 Paper 3 TZ2
  [skip] 2022.11 Paper 1 —
  [skip] 2022.11 Paper 2 —
  [skip] 2022.11 Paper 3 —
  [skip] 2023.05 Paper 1 TZ1
  [skip] 2023.05 Paper 1 TZ2
  [skip] 2023.05 Paper 2 TZ1
  [skip] 2023.05 Paper 2 TZ2
  [skip] 2023.05 Paper 3 TZ1
  [skip] 2023.05 Paper 3 TZ2
  [skip] 2023.11 Paper 1 TZ1
  [skip] 2023.11 Paper 1 TZ2
  [skip] 2023.11 Paper 2 TZ1
  [skip] 2023.11 Paper 2 TZ2
  [skip] 2023.11 Paper 3 —
  [skip] 2024.05 Paper 1 TZ1
  [skip] 2024.05 Paper 1 TZ2
  [skip] 2024.05 Paper 2 TZ1
  [skip] 2024.05 Paper 2 TZ2
  [skip] 2024.05 Paper 3 TZ1
  [skip] 2024.05 Paper 3 TZ2
  [skip] 2024.11 Paper 1 —
  [skip] 2024.11 Paper 2 —
  [skip] 2024.11 Paper 3 —
[cls] physics topics + options...
  [skip] Topic 1 HL-paper1
  [skip] Topic 1 HL-paper2
  [skip] Topic 1 HL-paper3
  [skip] Topic 2 HL-paper1
  [skip] Topic 2 HL-paper2
  [skip] Topic 2 HL-paper3
  [skip] Topic 3 HL-paper1
  [skip] Topic 3 HL-paper2
  [skip] Topic 3 HL-paper3
  [skip] Topic 4 HL-paper1
  [skip] Topic 4 HL-paper2
  [skip] Topic 4 HL-paper3
  [skip] Topic 5 HL-paper1
  [skip] Topic 5 HL-paper2
  [skip] Topic 5 HL-paper3
  [skip] Topic 6 HL-paper1
  [skip] Topic 6 HL-paper2
  [skip] Topic 6 HL-paper3
  [skip] Topic 7 HL-paper1
  [skip] Topic 7 HL-paper2
  [skip] Topic 7 HL-paper3
  [skip] Topic 8 HL-paper1
  [skip] Topic 8 HL-paper2
  [skip] Topic 8 HL-paper3
  [skip] Topic 9 HL-paper1
  [skip] Topic 9 HL-paper2
  [skip] Topic 9 HL-paper3
  [skip] Topic 10 HL-paper1
  [skip] Topic 10 HL-paper2
  [skip] Topic 10 HL-paper3
  [skip] Topic 11 HL-paper1
  [skip] Topic 11 HL-paper2
  [skip] Topic 11 HL-paper3
  [skip] Topic 12 HL-paper1
  [skip] Topic 12 HL-paper2
  [skip] Topic 12 HL-paper3
  [skip] Option A HL-paper1
  [skip] Option A HL-paper2
  [skip] Option A HL-paper3
  [skip] Option B HL-paper1
  [skip] Option B HL-paper2
  [skip] Option B HL-paper3
  [skip] Option C HL-paper1
  [skip] Option C HL-paper2
  [skip] Option C HL-paper3
  [skip] Option D HL-paper1
  [skip] Option D HL-paper2
  [skip] Option D HL-paper3
[cls] math topics...
  [skip] Topic 1 HL-paper1
  [skip] Topic 1 HL-paper2
  [skip] Topic 1 HL-paper3
  [skip] Topic 2 HL-paper1
  [skip] Topic 2 HL-paper2
  [skip] Topic 2 HL-paper3
  [skip] Topic 3 HL-paper1
  [skip] Topic 3 HL-paper2
  [skip] Topic 3 HL-paper3
  [skip] Topic 4 HL-paper1
  [skip] Topic 4 HL-paper2
  [skip] Topic 4 HL-paper3
  [skip] Topic 5 HL-paper1
  [skip] Topic 5 HL-paper2
  [skip] Topic 5 HL-paper3
  [skip] Topic 6 HL-paper1
  [skip] Topic 6 HL-paper2
  [skip] Topic 6 HL-paper3
  [skip] Topic 7 HL-paper1
  [skip] Topic 7 HL-paper2
  [skip] Topic 7 HL-paper3
  [skip] Topic 8 HL-paper1
  [skip] Topic 8 HL-paper2
  Topic 8 HL-paper3: 105
  Topic 9 HL-paper1: 5
  Topic 9 HL-paper2: 8
  Topic 9 HL-paper3: 102
  Topic 10 HL-paper3: 107
[dedup] classified=2282 raw=5079
[dedup] classified kept=2059 dropped=223
[done] total=7138 -> /Users/lucas.ma/Downloads/dp learning/ib-dp-platform/backend/ocr/physics_math_import.json
  Math AA HL: 3311
  Physics: 3827
[done] checkpoint removed
