[raw] physics: 82 paper sessions
  2016.05 Paper 1 —: 40 questions
  2016.05 Paper 2 —: 36 questions
  2016.05 Paper 3 —: 53 questions
  2016.11 Paper 1 —: 40 questions
  2016.11 Paper 2 —: 29 questions
  2016.11 Paper 3 —: 66 questions
  2017.05 Paper 1 TZ1: 40 questions
  2017.05 Paper 1 TZ2: 40 questions
  2017.05 Paper 2 TZ1: 33 questions
  2017.05 Paper 2 TZ2: 30 questions
  2017.05 Paper 3 TZ1: 51 questions
  2017.05 Paper 3 TZ2: 47 questions
  2017.11 Paper 1 —: 40 questions
  2017.11 Paper 2 —: 27 questions
  2017.11 Paper 3 —: 57 questions
  2018.05 Paper 1 TZ1: 40 questions
  2018.05 Paper 1 TZ2: 40 questions
  2018.05 Paper 2 TZ1: 29 questions
  2018.05 Paper 2 TZ2: 30 questions
  2018.05 Paper 3 TZ1: 54 questions
  2018.05 Paper 3 TZ2: 51 questions
  2018.11 Paper 1 —: 40 questions
  2018.11 Paper 2 —: 27 questions
  2018.11 Paper 3 —: 53 questions
  2019.05 Paper 1 TZ1: 40 questions
  2019.05 Paper 1 TZ2: 40 questions
  2019.05 Paper 2 TZ1: 23 questions
  2019.05 Paper 2 TZ2: 34 questions
  2019.05 Paper 3 TZ1: 48 questions
  2019.05 Paper 3 TZ2: 57 questions
  2019.11 Paper 1 —: 40 questions
  2019.11 Paper 2 —: 29 questions
  2019.11 Paper 3 —: 42 questions
  2020.11 Paper 1 —: 40 questions
  2020.11 Paper 2 —: 30 questions
  2020.11 Paper 3 —: 59 questions
  2021.05 Paper 1 TZ1: 40 questions
  2021.05 Paper 1 TZ2: 40 questions
  2021.05 Paper 2 TZ1: 32 questions
  2021.05 Paper 2 TZ2: 30 questions
  2022.05 Paper 1 TZ1: 40 questions
  2022.05 Paper 1 TZ2: 40 questions
  2022.05 Paper 2 TZ1: 32 questions
  2022.05 Paper 2 TZ2: 26 questions
  2022.11 Paper 1 —: 40 questions
  2022.11 Paper 2 —: 28 questions
  2023.05 Paper 1 TZ1: 40 questions
  2023.05 Paper 1 TZ2: 40 questions
  2023.05 Paper 2 TZ1: 24 questions
  2023.05 Paper 2 TZ2: 32 questions
  2023.05 Paper 3 TZ1: 59 questions
  2023.05 Paper 3 TZ2: 68 questions
  2023.11 Paper 1 TZ1: 40 questions
  2023.11 Paper 1 TZ2: 40 questions
  2023.11 Paper 2 TZ1: 28 questions
  2023.11 Paper 2 TZ2: 28 questions
  2023.11 Paper 3 TZ1: 49 questions
  2023.11 Paper 3 TZ2: 49 questions
  2024.05 Paper 1 TZ1: 40 questions
  2024.05 Paper 1 TZ2: 40 questions
  2024.05 Paper 2 TZ1: 36 questions
  2024.05 Paper 2 TZ2: 29 questions
  2024.05 Paper 3 TZ1: 53 questions
  2024.05 Paper 3 TZ2: 64 questions
  2024.11 Paper 1 —: 40 questions
  2024.11 Paper 2 —: 29 questions
  2024.11 Paper 3 —: 50 questions
  2025.05 Paper 1A TZ1: 40 questions
  2025.05 Paper 1A TZ2: 40 questions
  2025.05 Paper 1A TZ3: 40 questions
  2025.05 Paper 1B TZ1: 9 questions
  2025.05 Paper 1B TZ2: 7 questions
  2025.05 Paper 1B TZ3: 7 questions
  2025.05 Paper 2 TZ1: 28 questions
  2025.05 Paper 2 TZ2: 28 questions
  2025.05 Paper 2 TZ3: 29 questions
  2025.11 Paper 1A TZ1: 40 questions
  2025.11 Paper 1A TZ3: 40 questions
  2025.11 Paper 1B TZ1: 9 questions
  2025.11 Paper 1B TZ3: 11 questions
  2025.11 Paper 2 TZ1: 25 questions
  2025.11 Paper 2 TZ3: 29 questions
[raw] math: 97 paper sessions
  2016.05 Paper 1 TZ1: 30 questions
  2016.05 Paper 1 TZ2: 25 questions
  2016.05 Paper 2 TZ1: 33 questions
  2016.05 Paper 2 TZ2: 29 questions
  2016.05 Paper 3 Calculus —: 13 questions
  2016.05 Paper 3 Discrete mathematics —: 13 questions
  2016.05 Paper 3 Sets relations and groups —: 11 questions
  2016.05 Paper 3 Statistics and probability —: 14 questions
  2016.11 Paper 1 —: 32 questions
  2016.11 Paper 2 —: 33 questions
  2016.11 Paper 3 Calculus —: 11 questions
  2016.11 Paper 3 Discrete mathematics —: 16 questions
  2016.11 Paper 3 Sets relations and groups —: 13 questions
  2016.11 Paper 3 Statistics and probability —: 12 questions
  2017.05 Paper 1 TZ1: 28 questions
  2017.05 Paper 1 TZ2: 22 questions
  2017.05 Paper 2 TZ1: 30 questions
  2017.05 Paper 2 TZ2: 31 questions
  2017.05 Paper 3 Calculus —: 10 questions
  2017.05 Paper 3 Discrete mathematics —: 10 questions
  2017.05 Paper 3 Sets relations and groups —: 10 questions
  2017.05 Paper 3 Statistics and probability —: 15 questions
  2017.11 Paper 1 —: 22 questions
  2017.11 Paper 2 —: 25 questions
  2017.11 Paper 3 Calculus —: 12 questions
  2017.11 Paper 3 Discrete mathematics —: 13 questions
  2017.11 Paper 3 Sets relations and groups —: 13 questions
  2017.11 Paper 3 Statistics and probability —: 11 questions
  2018.05 Paper 1 TZ1: 23 questions
  2018.05 Paper 1 TZ2: 26 questions
  2018.05 Paper 2 TZ1: 22 questions
  2018.05 Paper 2 TZ2: 25 questions
  [WARN] 2018.05 Paper 3 Calculus : q=y ms=n
  2018.05 Paper 3 Discrete mathematics —: 12 questions
  2018.05 Paper 3 Sets relations and groups —: 13 questions
  2018.05 Paper 3 Statistics and probability —: 16 questions
  2018.11 Paper 1 —: 24 questions
  2018.11 Paper 2 —: 25 questions
  [WARN] 2018.11 Paper 3 Calculus : q=y ms=n
  2019.05 Paper 1 TZ1: 25 questions
  2019.05 Paper 1 TZ2: 23 questions
  2019.05 Paper 2 TZ1: 27 questions
  2019.05 Paper 2 TZ2: 26 questions
  2019.05 Paper 3 Calculus —: 10 questions
  2019.05 Paper 3 Discrete mathematics —: 13 questions
  2019.05 Paper 3 Sets relations and groups —: 12 questions
  2019.05 Paper 3 Statistics and probability —: 15 questions
  2019.11 Paper 1 —: 22 questions
  2019.11 Paper 2 —: 23 questions
  2019.11 Paper 3 Calculus —: 9 questions
  2019.11 Paper 3 Discrete mathematics —: 10 questions
  2019.11 Paper 3 Sets relations and groups —: 14 questions
  2019.11 Paper 3 Statistics and probability —: 10 questions
  2020.11 Paper 1 —: 25 questions
  2020.11 Paper 2 —: 26 questions
  2020.11 Paper 3 Calculus —: 9 questions
  2020.11 Paper 3 Discrete mathematics —: 10 questions
  2020.11 Paper 3 Sets relations and groups —: 17 questions
  2020.11 Paper 3 Statistics and probability —: 15 questions
  2021.05 Paper 1 TZ1: 26 questions
  2021.05 Paper 1 TZ2: 24 questions
  2021.05 Paper 2 TZ1: 37 questions
  2021.05 Paper 2 TZ2: 37 questions
  2021.05 Paper 3 TZ1: 12 questions
  2021.05 Paper 3 TZ2: 12 questions
  2021.11 Paper 1 —: 30 questions
  2021.11 Paper 2 —: 34 questions
  2021.11 Paper 3 —: 9 questions
  2022.05 Paper 1 TZ1: 24 questions
  2022.05 Paper 1 TZ2: 30 questions
