[fig] 7138 records
[fig] raw phys files=82 math files=97
[fig] groups=180 unmapped=0
  HL-paper3.pdf: linked=101
  HL-paper1.pdf: linked=88
  HL-paper2.pdf: linked=70
  HL-paper3.pdf: linked=3
  HL-paper1.pdf: linked=80
  HL-paper2.pdf: linked=68
  HL-paper3.pdf: linked=2
  HL-paper1.pdf: linked=48
  HL-paper2.pdf: linked=52
  HL-paper1.pdf: linked=37
  HL-paper2.pdf: linked=34
  HL-paper1.pdf: linked=45
  HL-paper2.pdf: linked=92
  HL-paper3.pdf: linked=17
  HL-paper1.pdf: linked=102
  HL-paper2.pdf: linked=93
  HL-paper3.pdf: linked=7
  HL-paper2.pdf: linked=3
  HL-paper3.pdf: linked=90
  HL-paper3.pdf: linked=103
  HL-paper1.pdf: linked=5
  HL-paper2.pdf: linked=8
  HL-paper3.pdf: linked=89
  HL-paper3.pdf: linked=63
  HL-paper3.pdf: linked=32
  HL-paper3.pdf: linked=46
  HL-paper1.pdf: linked=41
  HL-paper2.pdf: linked=20
  HL-paper1.pdf: linked=47
  HL-paper2.pdf: linked=23
  HL-paper1.pdf: linked=58
  HL-paper2.pdf: linked=27
  HL-paper3.pdf: linked=2
  HL-paper1.pdf: linked=4
  HL-paper2.pdf: linked=4
  HL-paper1.pdf: linked=45
  HL-paper2.pdf: linked=12
  HL-paper1.pdf: linked=16
  HL-paper2.pdf: linked=7
  HL-paper1.pdf: linked=50
  HL-paper2.pdf: linked=16
  HL-paper3.pdf: linked=1
  HL-paper1.pdf: linked=20
  HL-paper2.pdf: linked=19
  HL-paper1.pdf: linked=9
  HL-paper2.pdf: linked=10
  HL-paper1.pdf: linked=39
  HL-paper2.pdf: linked=15
  HL-paper3.pdf: linked=18
  HL-paper1.pdf: linked=18
  HL-paper2.pdf: linked=8
  HL-paper1.pdf: linked=36
  HL-paper2.pdf: linked=23
  HL-paper3.pdf: linked=13
  Mathematics_paper_1__TZ1_HL.pdf: linked=30
  Mathematics_paper_2__TZ1_HL.pdf: linked=33
  Mathematics_paper_1__TZ2_HL.pdf: linked=25
  Mathematics_paper_2__TZ2_HL.pdf: linked=29
  Physics_paper_1__HL.pdf: linked=40
  Physics_paper_2__HL.pdf: linked=36
  Physics_paper_3__HL.pdf: linked=53
  Mathematics_paper_3_Calculus__HL.pdf: linked=13
  Mathematics_paper_3_Discrete_mathematics__HL.pdf: linked=13
  Mathematics_paper_3_Sets_relations_and_groups__HL.pdf: linked=11
  Mathematics_paper_3_Statistics_and_probability__HL.pdf: linked=14
  Mathematics_paper_1__HL.pdf: linked=45
  Mathematics_paper_2__HL.pdf: linked=62
  Physics_paper_3__HL.pdf: linked=66
  Mathematics_paper_3_Calculus__HL.pdf: linked=11
  Mathematics_paper_3_Discrete_mathematics__HL.pdf: linked=16
  Mathematics_paper_3_Sets_relations_and_groups__HL.pdf: linked=13
  Mathematics_paper_3_Statistics_and_probability__HL.pdf: linked=12
  Mathematics_paper_1__TZ1_HL.pdf: linked=40
  Mathematics_paper_2__TZ1_HL.pdf: linked=63
  Physics_paper_3__TZ1_HL.pdf: linked=51
  Mathematics_paper_1__TZ2_HL.pdf: linked=33
  Mathematics_paper_2__TZ2_HL.pdf: linked=61
  Physics_paper_3__TZ2_HL.pdf: linked=47
  Mathematics_paper_3_Calculus__HL.pdf: linked=10
  Mathematics_paper_3_Discrete_mathematics__HL.pdf: linked=10
  Mathematics_paper_3_Sets_relations_and_groups__HL.pdf: linked=10
  Mathematics_paper_3_Statistics_and_probability__HL.pdf: linked=15
  Mathematics_paper_1__HL.pdf: linked=33
  Mathematics_paper_2__HL.pdf: linked=52
  Physics_paper_3__HL.pdf: linked=57
  Mathematics_paper_3_Calculus__HL.pdf: linked=12
  Mathematics_paper_3_Discrete_mathematics__HL.pdf: linked=13
  Mathematics_paper_3_Sets_relations_and_groups__HL.pdf: linked=13
  Mathematics_paper_3_Statistics_and_probability__HL.pdf: linked=11
  Mathematics_paper_1__TZ1_HL.pdf: linked=34
  Mathematics_paper_2__TZ1_HL.pdf: linked=51
  Physics_paper_3__TZ1_HL.pdf: linked=54
  Mathematics_paper_1__TZ2_HL.pdf: linked=37
  Mathematics_paper_2__TZ2_HL.pdf: linked=55
  Physics_paper_3__TZ2_HL.pdf: linked=51
  Mathematics_paper_3_Discrete_mathematics__HL.pdf: linked=12
  Mathematics_paper_3_Sets_relations_and_groups__HL.pdf: linked=13
  Mathematics_paper_3_Statistics_and_probability__HL.pdf: linked=16
  Mathematics_paper_1__HL.pdf: linked=35
  Mathematics_paper_2__HL.pdf: linked=52
  Physics_paper_3__HL.pdf: linked=53
  Mathematics_paper_1__TZ1_HL.pdf: linked=36
  Mathematics_paper_2__TZ1_HL.pdf: linked=50
  Physics_paper_3__TZ1_HL.pdf: linked=48
  Mathematics_paper_1__TZ2_HL.pdf: linked=34
  Mathematics_paper_2__TZ2_HL.pdf: linked=60
  Physics_paper_3__TZ2_HL.pdf: linked=57
  Mathematics_paper_3_Calculus__HL.pdf: linked=10
  Mathematics_paper_3_Discrete_mathematics__HL.pdf: linked=13
  Mathematics_paper_3_Sets_relations_and_groups__HL.pdf: linked=12
  Mathematics_paper_3_Statistics_and_probability__HL.pdf: linked=15
  Mathematics_paper_1__HL.pdf: linked=33
  Mathematics_paper_2__HL.pdf: linked=52
  Physics_paper_3__HL.pdf: linked=42
  Mathematics_paper_3_Calculus__HL.pdf: linked=9
  Mathematics_paper_3_Discrete_mathematics__HL.pdf: linked=10
  Mathematics_paper_3_Sets_relations_and_groups__HL.pdf: linked=14
  Mathematics_paper_3_Statistics_and_probability__HL.pdf: linked=10
  Mathematics_paper_1__HL.pdf: linked=37
  Mathematics_paper_2__HL.pdf: linked=56
  Physics_paper_3__HL.pdf: linked=59
  Mathematics_paper_3_Calculus__HL.pdf: linked=9
  Mathematics_paper_3_Discrete_mathematics__HL.pdf: linked=10
  Mathematics_paper_3_Sets_relations_and_groups__HL.pdf: linked=17
  Mathematics_paper_3_Statistics_and_probability__HL.pdf: linked=15
  Mathematics_analysis_and_approaches_paper_1__TZ1_HL.pdf: linked=38
  Mathematics_analysis_and_approaches_paper_2__TZ1_HL.pdf: linked=69
  Mathematics_analysis_and_approaches_paper_3__TZ1_HL.pdf: linked=12
  Mathematics_analysis_and_approaches_paper_1__TZ2_HL.pdf: linked=36
  Mathematics_analysis_and_approaches_paper_2__TZ2_HL.pdf: linked=67
  Mathematics_analysis_and_approaches_paper_3__TZ2_HL.pdf: linked=12
  Mathematics_analysis_and_approaches_paper_1__HL.pdf: linked=30
  Mathematics_analysis_and_approaches_paper_2__HL.pdf: linked=34
  Mathematics_analysis_and_approaches_paper_3__HL.pdf: linked=9
  Mathematics_analysis_and_approaches_paper_1__TZ1_HL.pdf: linked=36
  Mathematics_analysis_and_approaches_paper_2__TZ1_HL.pdf: linked=65
  Mathematics_analysis_and_approaches_paper_3__TZ1_HL.pdf: linked=12
  Mathematics_analysis_and_approaches_paper_1__TZ2_HL.pdf: linked=42
  Mathematics_analysis_and_approaches_paper_2__TZ2_HL.pdf: linked=58
  Mathematics_analysis_and_approaches_paper_3__TZ2_HL.pdf: linked=12
  Mathematics_analysis_and_approaches_paper_1__HL.pdf: linked=38
  Mathematics_analysis_and_approaches_paper_2__HL.pdf: linked=56
  Mathematics_analysis_and_approaches_paper_3__HL.pdf: linked=11
  Mathematics_analysis_and_approaches_paper_1__TZ1_HL.pdf: linked=41
  Mathematics_analysis_and_approaches_paper_2__TZ1_HL.pdf: linked=53
  Mathematics_analysis_and_approaches_paper_3__TZ1_HL.pdf: linked=18
  Mathematics_analysis_and_approaches_paper_1__TZ2_HL.pdf: linked=42
  Mathematics_analysis_and_approaches_paper_2__TZ2_HL.pdf: linked=65
  Mathematics_analysis_and_approaches_paper_3__TZ2_HL.pdf: linked=19
  Mathematics_analysis_and_approaches_paper_1__TZ1_HL.pdf: linked=37
  Mathematics_analysis_and_approaches_paper_2__TZ1_HL.pdf: linked=61
  Physics_paper_3__TZ1_HL.pdf: linked=49
  Mathematics_analysis_and_approaches_paper_1__TZ2_HL.pdf: linked=37
  Mathematics_analysis_and_approaches_paper_2__TZ2_HL.pdf: linked=61
  Physics_paper_3__TZ2_HL.pdf: linked=49
  Mathematics_analysis_and_approaches_paper_3__HL.pdf: linked=12
  Mathematics_analysis_and_approaches_paper_1__TZ1_HL.pdf: linked=47
  Mathematics_analysis_and_approaches_paper_2__TZ1_HL.pdf: linked=69
  Mathematics_analysis_and_approaches_paper_3__TZ1_HL.pdf: linked=18
  Mathematics_analysis_and_approaches_paper_1__TZ2_HL.pdf: linked=43
  Mathematics_analysis_and_approaches_paper_2__TZ2_HL.pdf: linked=62
  Mathematics_analysis_and_approaches_paper_3__TZ2_HL.pdf: linked=19
  Mathematics_analysis_and_approaches_paper_1__HL.pdf: linked=41
  Mathematics_analysis_and_approaches_paper_2__HL.pdf: linked=63
  Mathematics_analysis_and_approaches_paper_3__HL.pdf: linked=16
  Physics_paper_1A_TZ1_HL.pdf: linked=40
  Physics_paper_1B_TZ1_HL.pdf: linked=9
  Physics_paper_2_TZ1_HL.pdf: linked=28
  Physics_paper_1A_TZ2_HL.pdf: linked=40
  Physics_paper_1B_TZ2_HL.pdf: linked=7
  Physics_paper_2_TZ2_HL.pdf: linked=28
  Physics_paper_1A_TZ3_HL.pdf: linked=40
  Physics_paper_1B_TZ3_HL.pdf: linked=7
  Physics_paper_2_TZ3_HL.pdf: linked=29
  Physics_paper_1A_TZ1_HL.pdf: linked=40
  Physics_paper_1B_TZ1_HL.pdf: linked=9
  Physics_paper_2_TZ1_HL.pdf: linked=25
  Physics_paper_1A_TZ3_HL.pdf: linked=40
  Physics_paper_1B_TZ3_HL.pdf: linked=11
  Physics_paper_2_TZ3_HL.pdf: linked=29
[fig] done: {'files': 180, 'pages_rendered': 1585, 'questions_linked': 5301, 'no_figure_on_page': 843, 'page_not_found': 994}
