[ocr] loading easyocr langs=['en', 'ch_sim'] ...
Using CPU. Note: This module is much faster with a GPU.
/Users/lucas.ma/.workbuddy/binaries/python/envs/default/lib/python3.13/site-packages/torch/ao/nn/quantized/dynamic/modules/rnn.py:162: UserWarning: torch.quantize_per_tensor, torch.quantize_per_channel and other quantized tensor creation functions that produce tensors with dtype torch.quint8, torch.qint8, and torch.qint32 are deprecated and will be removed in a future PyTorch release. Please see https://github.com/pytorch/pytorch/issues/184982 for more information. (Triggered internally at /Users/runner/work/pytorch/pytorch/aten/src/ATen/quantized/Quantizer.cpp:116.)
  w_ih = torch.quantize_per_tensor(
[ocr] opening PDF
[ocr] pages 157..547 (total 547)
[ocr] resuming; 156 pages already done
/Users/lucas.ma/.workbuddy/binaries/python/envs/default/lib/python3.13/site-packages/torch/utils/data/dataloader.py:759: UserWarning: 'pin_memory' argument is set as true but not supported on MPS now, device pinned memory won't be used.
  super().__init__(loader)
[ocr] page 157/547 chars=718
[ocr] page 158/547 chars=827
[ocr] page 159/547 chars=391
[ocr] page 160/547 chars=669
[ocr] page 161/547 chars=968
[ocr] page 162/547 chars=620
[ocr] page 163/547 chars=902
[ocr] page 164/547 chars=1005
[ocr] page 165/547 chars=1447
[ocr] page 166/547 chars=643
[ocr] page 167/547 chars=1471
[ocr] page 168/547 chars=736
[ocr] page 169/547 chars=990
[ocr] page 170/547 chars=1031
[ocr] page 171/547 chars=1122
[ocr] page 172/547 chars=753
[ocr] page 173/547 chars=1272
[ocr] page 174/547 chars=834
[ocr] page 175/547 chars=819
[ocr] page 176/547 chars=1299
[ocr] page 177/547 chars=951
[ocr] page 178/547 chars=752
[ocr] page 179/547 chars=635
[ocr] page 180/547 chars=416
[ocr] page 181/547 chars=713
[ocr] page 182/547 chars=1054
[ocr] page 183/547 chars=960
[ocr] page 184/547 chars=1428
[ocr] page 185/547 chars=919
[ocr] page 186/547 chars=1201
[ocr] page 187/547 chars=817
[ocr] page 188/547 chars=649
[ocr] page 189/547 chars=669
[ocr] page 190/547 chars=1217
[ocr] page 191/547 chars=1409
[ocr] page 192/547 chars=671
[ocr] page 193/547 chars=37
[ocr] page 194/547 chars=265
[ocr] page 195/547 chars=805
[ocr] page 196/547 chars=1387
[ocr] page 197/547 chars=1168
[ocr] page 198/547 chars=1254
[ocr] page 199/547 chars=571
[ocr] page 200/547 chars=1135
[ocr] page 201/547 chars=950
[ocr] page 202/547 chars=1327
[ocr] page 203/547 chars=713
[ocr] page 204/547 chars=771
[ocr] page 205/547 chars=1149
[ocr] page 206/547 chars=1302
[ocr] page 207/547 chars=834
[ocr] page 208/547 chars=1361
[ocr] page 209/547 chars=446
[ocr] page 210/547 chars=704
[ocr] page 211/547 chars=437
[ocr] page 212/547 chars=1468
[ocr] page 213/547 chars=1141
[ocr] page 214/547 chars=1162
[ocr] page 215/547 chars=978
[ocr] page 216/547 chars=909
[ocr] page 217/547 chars=938
[ocr] page 218/547 chars=729
[ocr] page 219/547 chars=749
[ocr] page 220/547 chars=1069
[ocr] page 221/547 chars=821
[ocr] page 222/547 chars=1564
[ocr] page 223/547 chars=398
[ocr] page 224/547 chars=1009
[ocr] page 225/547 chars=835
[ocr] page 226/547 chars=786
[ocr] page 227/547 chars=1134
[ocr] page 228/547 chars=1437
[ocr] page 229/547 chars=1733
[ocr] page 230/547 chars=1633
[ocr] page 231/547 chars=1644
[ocr] page 232/547 chars=1717
[ocr] page 233/547 chars=1431
[ocr] page 234/547 chars=1293
[ocr] page 235/547 chars=318
[ocr] page 236/547 chars=1354
[ocr] page 237/547 chars=757
[ocr] page 238/547 chars=1238
[ocr] page 239/547 chars=790
[ocr] page 240/547 chars=987
[ocr] page 241/547 chars=1694
[ocr] page 242/547 chars=1427
[ocr] page 243/547 chars=1330
[ocr] page 244/547 chars=1952
[ocr] page 245/547 chars=1271
[ocr] page 246/547 chars=1794
[ocr] page 247/547 chars=953
[ocr] page 248/547 chars=1743
[ocr] page 249/547 chars=1234
[ocr] page 250/547 chars=1040
[ocr] page 251/547 chars=357
[ocr] page 252/547 chars=968
[ocr] page 253/547 chars=2348
[ocr] page 254/547 chars=687
[ocr] page 255/547 chars=1214
[ocr] page 256/547 chars=1157
[ocr] page 257/547 chars=861
[ocr] page 258/547 chars=1142
[ocr] page 259/547 chars=1806
[ocr] page 260/547 chars=453
[ocr] page 261/547 chars=1734
[ocr] page 262/547 chars=1305
[ocr] page 263/547 chars=1035
[ocr] page 264/547 chars=585
[ocr] page 265/547 chars=1294
[ocr] page 266/547 chars=1230
[ocr] page 267/547 chars=1286
[ocr] page 268/547 chars=1455
[ocr] page 269/547 chars=481
[ocr] page 270/547 chars=751
[ocr] page 271/547 chars=1091
[ocr] page 272/547 chars=1235
[ocr] page 273/547 chars=1780
[ocr] page 274/547 chars=1691
[ocr] page 275/547 chars=1092
[ocr] page 276/547 chars=1245
[ocr] page 277/547 chars=1511
[ocr] page 278/547 chars=1268
[ocr] page 279/547 chars=1019
[ocr] page 280/547 chars=1008
[ocr] page 281/547 chars=1732
[ocr] page 282/547 chars=583
[ocr] page 283/547 chars=418
[ocr] page 284/547 chars=1407
[ocr] page 285/547 chars=1323
[ocr] page 286/547 chars=1694
[ocr] page 287/547 chars=1390
[ocr] page 288/547 chars=1457
[ocr] page 289/547 chars=893
[ocr] page 290/547 chars=941
[ocr] page 291/547 chars=1348
[ocr] page 292/547 chars=1180
[ocr] page 293/547 chars=830
[ocr] page 294/547 chars=644
[ocr] page 295/547 chars=1155
[ocr] page 296/547 chars=829
[ocr] page 297/547 chars=1161
[ocr] page 298/547 chars=430
[ocr] page 299/547 chars=1702
[ocr] page 300/547 chars=1384
[ocr] page 301/547 chars=990
[ocr] page 302/547 chars=1069
[ocr] page 303/547 chars=1379
[ocr] page 304/547 chars=710
[ocr] page 305/547 chars=1427
[ocr] page 306/547 chars=1617
[ocr] page 307/547 chars=1466
[ocr] page 308/547 chars=1410
[ocr] page 309/547 chars=1225
[ocr] page 310/547 chars=2003
[ocr] page 311/547 chars=1751
[ocr] page 312/547 chars=1007
[ocr] page 313/547 chars=1025
[ocr] page 314/547 chars=1061
[ocr] page 315/547 chars=1529
[ocr] page 316/547 chars=810
[ocr] page 317/547 chars=793
[ocr] page 318/547 chars=840
[ocr] page 319/547 chars=1190
[ocr] page 320/547 chars=1327
[ocr] page 321/547 chars=1746
[ocr] page 322/547 chars=1815
[ocr] page 323/547 chars=943
[ocr] page 324/547 chars=933
[ocr] page 325/547 chars=709
[ocr] page 326/547 chars=1286
[ocr] page 327/547 chars=1547
[ocr] page 328/547 chars=1780
[ocr] page 329/547 chars=1600
[ocr] page 330/547 chars=1587
[ocr] page 331/547 chars=1100
[ocr] page 332/547 chars=822
[ocr] page 333/547 chars=1794
[ocr] page 334/547 chars=1619
[ocr] page 335/547 chars=1288
[ocr] page 336/547 chars=316
[ocr] page 337/547 chars=1301
[ocr] page 338/547 chars=868
[ocr] page 339/547 chars=1421
[ocr] page 340/547 chars=1878
[ocr] page 341/547 chars=1689
[ocr] page 342/547 chars=1527
[ocr] page 343/547 chars=1501
[ocr] page 344/547 chars=1810
[ocr] page 345/547 chars=1450
[ocr] page 346/547 chars=903
[ocr] page 347/547 chars=1766
[ocr] page 348/547 chars=1889
[ocr] page 349/547 chars=1921
[ocr] page 350/547 chars=954
[ocr] page 351/547 chars=886
[ocr] page 352/547 chars=344
[ocr] page 353/547 chars=1276
[ocr] page 354/547 chars=1770
[ocr] page 355/547 chars=1253
[ocr] page 356/547 chars=1549
[ocr] page 357/547 chars=1791
[ocr] page 358/547 chars=1006
[ocr] page 359/547 chars=1606
[ocr] page 360/547 chars=858
[ocr] page 361/547 chars=1671
[ocr] page 362/547 chars=921
[ocr] page 363/547 chars=1129
[ocr] page 364/547 chars=735
[ocr] page 365/547 chars=1131
[ocr] page 366/547 chars=1124
[ocr] page 367/547 chars=2093
[ocr] page 368/547 chars=1955
[ocr] page 369/547 chars=1528
[ocr] page 370/547 chars=1786
[ocr] page 371/547 chars=728
[ocr] page 372/547 chars=1042
[ocr] page 373/547 chars=1424
[ocr] page 374/547 chars=1226
[ocr] page 375/547 chars=1241
[ocr] page 376/547 chars=577
[ocr] page 377/547 chars=1211
[ocr] page 378/547 chars=1025
[ocr] page 379/547 chars=1012
[ocr] page 380/547 chars=1212
[ocr] page 381/547 chars=764
[ocr] page 382/547 chars=967
[ocr] page 383/547 chars=1134
[ocr] page 384/547 chars=455
[ocr] page 385/547 chars=894
[ocr] page 386/547 chars=1394
[ocr] page 387/547 chars=987
[ocr] page 388/547 chars=1328
[ocr] page 389/547 chars=1298
[ocr] page 390/547 chars=1449
[ocr] page 391/547 chars=1830
[ocr] page 392/547 chars=1737
[ocr] page 393/547 chars=1566
[ocr] page 394/547 chars=1633
[ocr] page 395/547 chars=929
[ocr] page 396/547 chars=1033
[ocr] page 397/547 chars=1362
[ocr] page 398/547 chars=1002
[ocr] page 399/547 chars=1143
[ocr] page 400/547 chars=934
[ocr] page 401/547 chars=1095
[ocr] page 402/547 chars=820
[ocr] page 403/547 chars=286
[ocr] page 404/547 chars=1083
[ocr] page 405/547 chars=1727
[ocr] page 406/547 chars=1584
[ocr] page 407/547 chars=1217
[ocr] page 408/547 chars=529
[ocr] page 409/547 chars=1608
[ocr] page 410/547 chars=329
[ocr] page 411/547 chars=1295
[ocr] page 412/547 chars=688
[ocr] page 413/547 chars=688
[ocr] page 414/547 chars=671
[ocr] page 415/547 chars=1361
[ocr] page 416/547 chars=2076
[ocr] page 417/547 chars=1207
[ocr] page 418/547 chars=1572
[ocr] page 419/547 chars=1741
[ocr] page 420/547 chars=1555
[ocr] page 421/547 chars=1037
[ocr] page 422/547 chars=1024
[ocr] page 423/547 chars=1082
[ocr] page 424/547 chars=1430
[ocr] page 425/547 chars=1721
[ocr] page 426/547 chars=1673
[ocr] page 427/547 chars=646
[ocr] page 428/547 chars=1505
[ocr] page 429/547 chars=1125
[ocr] page 430/547 chars=1122
[ocr] page 431/547 chars=925
[ocr] page 432/547 chars=824
[ocr] page 433/547 chars=1555
[ocr] page 434/547 chars=384
[ocr] page 435/547 chars=2288
[ocr] page 436/547 chars=1157
[ocr] page 437/547 chars=938
[ocr] page 438/547 chars=829
[ocr] page 439/547 chars=1403
[ocr] page 440/547 chars=1848
[ocr] page 441/547 chars=2155
[ocr] page 442/547 chars=1717
[ocr] page 443/547 chars=1465
[ocr] page 444/547 chars=934
[ocr] page 445/547 chars=1217
[ocr] page 446/547 chars=615
[ocr] page 447/547 chars=867
[ocr] page 448/547 chars=923
[ocr] page 449/547 chars=1172
[ocr] page 450/547 chars=902
[ocr] page 451/547 chars=1352
[ocr] page 452/547 chars=1299
[ocr] page 453/547 chars=1005
[ocr] page 454/547 chars=580
[ocr] page 455/547 chars=1160
[ocr] page 456/547 chars=969
[ocr] page 457/547 chars=1268
[ocr] page 458/547 chars=843
[ocr] page 459/547 chars=863
[ocr] page 460/547 chars=1205
[ocr] page 461/547 chars=1748
[ocr] page 462/547 chars=1417
[ocr] page 463/547 chars=1423
[ocr] page 464/547 chars=1318
[ocr] page 465/547 chars=1716
[ocr] page 466/547 chars=831
[ocr] page 467/547 chars=790
[ocr] page 468/547 chars=1080
[ocr] page 469/547 chars=889
[ocr] page 470/547 chars=1265
[ocr] page 471/547 chars=1735
[ocr] page 472/547 chars=1712
[ocr] page 473/547 chars=1531
[ocr] page 474/547 chars=964
[ocr] page 475/547 chars=1247
[ocr] page 476/547 chars=1132
[ocr] page 477/547 chars=1207
[ocr] page 478/547 chars=1500
[ocr] page 479/547 chars=837
[ocr] page 480/547 chars=934
[ocr] page 481/547 chars=1000
[ocr] page 482/547 chars=1206
[ocr] page 483/547 chars=1794
[ocr] page 484/547 chars=1328
[ocr] page 485/547 chars=1514
[ocr] page 486/547 chars=963
[ocr] page 487/547 chars=452
[ocr] page 488/547 chars=1570
[ocr] page 489/547 chars=1540
[ocr] page 490/547 chars=1255
[ocr] page 491/547 chars=1811
[ocr] page 492/547 chars=1013
[ocr] page 493/547 chars=1024
[ocr] page 494/547 chars=977
[ocr] page 495/547 chars=668
[ocr] page 496/547 chars=538
[ocr] page 497/547 chars=1531
[ocr] page 498/547 chars=603
[ocr] page 499/547 chars=1256
[ocr] page 500/547 chars=748
[ocr] page 501/547 chars=1948
[ocr] page 502/547 chars=1283
[ocr] page 503/547 chars=1817
[ocr] page 504/547 chars=1638
[ocr] page 505/547 chars=1275
[ocr] page 506/547 chars=1494
[ocr] page 507/547 chars=1177
[ocr] page 508/547 chars=1880
[ocr] page 509/547 chars=1550
[ocr] page 510/547 chars=1266
[ocr] page 511/547 chars=648
[ocr] page 512/547 chars=1224
[ocr] page 513/547 chars=1542
[ocr] page 514/547 chars=1901
[ocr] page 515/547 chars=734
[ocr] page 516/547 chars=1686
[ocr] page 517/547 chars=1679
[ocr] page 518/547 chars=1721
[ocr] page 519/547 chars=1547
[ocr] page 520/547 chars=2153
[ocr] page 521/547 chars=978
[ocr] page 522/547 chars=1198
[ocr] page 523/547 chars=1659
[ocr] page 524/547 chars=1705
[ocr] page 525/547 chars=1507
[ocr] page 526/547 chars=1569
[ocr] page 527/547 chars=2317
[ocr] page 528/547 chars=1591
[ocr] page 529/547 chars=1034
[ocr] page 530/547 chars=1675
[ocr] page 531/547 chars=1560
[ocr] page 532/547 chars=1097
[ocr] page 533/547 chars=225
[ocr] page 534/547 chars=236
[ocr] page 535/547 chars=1253
[ocr] page 536/547 chars=1544
[ocr] page 537/547 chars=1210
[ocr] page 538/547 chars=675
[ocr] page 539/547 chars=1093
[ocr] page 540/547 chars=926
[ocr] page 541/547 chars=1872
[ocr] page 542/547 chars=1051
[ocr] page 543/547 chars=1217
[ocr] page 544/547 chars=1276
[ocr] page 545/547 chars=1858
[ocr] page 546/547 chars=1681
[ocr] page 547/547 chars=1106
[ocr] DONE
