APPLIED to /Users/lucas.ma/Downloads/dp learning/ib-dp-platform/backend/data/math_topic_manifest.json: 15 answers rewritten
Topic 1 HL-paper1: n=112 before_bleed=37 changed=15 fixed=15 regress_risk=27 after_bleed=0 empties=0
APPLIED to /Users/lucas.ma/Downloads/dp learning/ib-dp-platform/backend/data/math_topic_manifest.json: 34 answers rewritten
Topic 1 HL-paper2: n=82 before_bleed=35 changed=34 fixed=34 regress_risk=44 after_bleed=0 empties=0
APPLIED to /Users/lucas.ma/Downloads/dp learning/ib-dp-platform/backend/data/math_topic_manifest.json: 1 answers rewritten
Topic 1 HL-paper3: n=4 before_bleed=1 changed=1 fixed=1 regress_risk=3 after_bleed=0 empties=0
APPLIED to /Users/lucas.ma/Downloads/dp learning/ib-dp-platform/backend/data/math_topic_manifest.json: 26 answers rewritten
Topic 2 HL-paper1: n=94 before_bleed=26 changed=26 fixed=26 regress_risk=65 after_bleed=0 empties=0
APPLIED to /Users/lucas.ma/Downloads/dp learning/ib-dp-platform/backend/data/math_topic_manifest.json: 15 answers rewritten
Topic 2 HL-paper2: n=82 before_bleed=21 changed=15 fixed=15 regress_risk=43 after_bleed=0 empties=0
APPLIED to /Users/lucas.ma/Downloads/dp learning/ib-dp-platform/backend/data/math_topic_manifest.json: 0 answers rewritten
Topic 2 HL-paper3: n=2 before_bleed=0 changed=0 fixed=0 regress_risk=2 after_bleed=0 empties=0
APPLIED to /Users/lucas.ma/Downloads/dp learning/ib-dp-platform/backend/data/math_topic_manifest.json: 15 answers rewritten
Topic 3 HL-paper1: n=59 before_bleed=23 changed=15 fixed=15 regress_risk=24 after_bleed=0 empties=0
APPLIED to /Users/lucas.ma/Downloads/dp learning/ib-dp-platform/backend/data/math_topic_manifest.json: 22 answers rewritten
Topic 3 HL-paper2: n=61 before_bleed=22 changed=22 fixed=22 regress_risk=38 after_bleed=0 empties=0
SKIP Topic 3 HL-paper3: no markscheme pdf
APPLIED to /Users/lucas.ma/Downloads/dp learning/ib-dp-platform/backend/data/math_topic_manifest.json: 10 answers rewritten
Topic 4 HL-paper1: n=43 before_bleed=11 changed=10 fixed=10 regress_risk=28 after_bleed=0 empties=0
APPLIED to /Users/lucas.ma/Downloads/dp learning/ib-dp-platform/backend/data/math_topic_manifest.json: 12 answers rewritten
Topic 4 HL-paper2: n=40 before_bleed=12 changed=12 fixed=12 regress_risk=26 after_bleed=0 empties=0
SKIP Topic 4 HL-paper3: no markscheme pdf
APPLIED to /Users/lucas.ma/Downloads/dp learning/ib-dp-platform/backend/data/math_topic_manifest.json: 20 answers rewritten
Topic 5 HL-paper1: n=50 before_bleed=20 changed=20 fixed=20 regress_risk=26 after_bleed=0 empties=0
APPLIED to /Users/lucas.ma/Downloads/dp learning/ib-dp-platform/backend/data/math_topic_manifest.json: 20 answers rewritten
Topic 5 HL-paper2: n=110 before_bleed=32 changed=20 fixed=20 regress_risk=59 after_bleed=0 empties=0
APPLIED to /Users/lucas.ma/Downloads/dp learning/ib-dp-platform/backend/data/math_topic_manifest.json: 7 answers rewritten
Topic 5 HL-paper3: n=17 before_bleed=7 changed=7 fixed=7 regress_risk=10 after_bleed=0 empties=0
APPLIED to /Users/lucas.ma/Downloads/dp learning/ib-dp-platform/backend/data/math_topic_manifest.json: 23 answers rewritten
Topic 6 HL-paper1: n=124 before_bleed=40 changed=23 fixed=23 regress_risk=44 after_bleed=0 empties=0
APPLIED to /Users/lucas.ma/Downloads/dp learning/ib-dp-platform/backend/data/math_topic_manifest.json: 37 answers rewritten
Topic 6 HL-paper2: n=111 before_bleed=39 changed=37 fixed=37 regress_risk=69 after_bleed=0 empties=0
APPLIED to /Users/lucas.ma/Downloads/dp learning/ib-dp-platform/backend/data/math_topic_manifest.json: 3 answers rewritten
Topic 6 HL-paper3: n=8 before_bleed=3 changed=3 fixed=3 regress_risk=5 after_bleed=0 empties=0
SKIP Topic 7 HL-paper1: no manifest records
APPLIED to /Users/lucas.ma/Downloads/dp learning/ib-dp-platform/backend/data/math_topic_manifest.json: 1 answers rewritten
Topic 7 HL-paper2: n=3 before_bleed=1 changed=1 fixed=1 regress_risk=2 after_bleed=0 empties=0
APPLIED to /Users/lucas.ma/Downloads/dp learning/ib-dp-platform/backend/data/math_topic_manifest.json: 29 answers rewritten
Topic 7 HL-paper3: n=95 before_bleed=31 changed=29 fixed=29 regress_risk=60 after_bleed=0 empties=0
SKIP Topic 8 HL-paper1: no manifest records
SKIP Topic 8 HL-paper2: no manifest records
APPLIED to /Users/lucas.ma/Downloads/dp learning/ib-dp-platform/backend/data/math_topic_manifest.json: 31 answers rewritten
Topic 8 HL-paper3: n=106 before_bleed=32 changed=31 fixed=31 regress_risk=70 after_bleed=0 empties=0
APPLIED to /Users/lucas.ma/Downloads/dp learning/ib-dp-platform/backend/data/math_topic_manifest.json: 1 answers rewritten
Topic 9 HL-paper1: n=5 before_bleed=1 changed=1 fixed=1 regress_risk=3 after_bleed=0 empties=0
APPLIED to /Users/lucas.ma/Downloads/dp learning/ib-dp-platform/backend/data/math_topic_manifest.json: 5 answers rewritten
Topic 9 HL-paper2: n=8 before_bleed=5 changed=5 fixed=5 regress_risk=3 after_bleed=0 empties=0
APPLIED to /Users/lucas.ma/Downloads/dp learning/ib-dp-platform/backend/data/math_topic_manifest.json: 24 answers rewritten
Topic 9 HL-paper3: n=103 before_bleed=35 changed=24 fixed=24 regress_risk=43 after_bleed=0 empties=0
SKIP Topic 10 HL-paper1: no manifest records
SKIP Topic 10 HL-paper2: no manifest records
APPLIED to /Users/lucas.ma/Downloads/dp learning/ib-dp-platform/backend/data/math_topic_manifest.json: 32 answers rewritten
Topic 10 HL-paper3: n=110 before_bleed=33 changed=32 fixed=32 regress_risk=75 after_bleed=0 empties=0
[ALL] done
elapsed 644.9s
